Archive member included to satisfy reference by file (symbol)

c:/progra~1/raspbe~1/picosd~1.1/gcc-ar~1/bin/../lib/gcc/arm-none-eabi/10.3.1/thumb/v6-m/nofp\libgcc.a(_dvmd_tls.o)
                              CMakeFiles/main.dir/C_/Program_Files/Raspberry_Pi/Pico_SDK_v1.5.1/pico-sdk/src/rp2_common/pico_divider/divider.S.obj (__aeabi_idiv0)
c:/progra~1/raspbe~1/picosd~1.1/gcc-ar~1/bin/../lib/gcc/arm-none-eabi/10.3.1/../../../../arm-none-eabi/lib/thumb/v6-m/nofp\libg.a(lib_a-calloc.o)
                              CMakeFiles/main.dir/C_/Program_Files/Raspberry_Pi/Pico_SDK_v1.5.1/pico-sdk/src/rp2_common/pico_malloc/pico_malloc.c.obj (calloc)
c:/progra~1/raspbe~1/picosd~1.1/gcc-ar~1/bin/../lib/gcc/arm-none-eabi/10.3.1/../../../../arm-none-eabi/lib/thumb/v6-m/nofp\libg.a(lib_a-callocr.o)
                              c:/progra~1/raspbe~1/picosd~1.1/gcc-ar~1/bin/../lib/gcc/arm-none-eabi/10.3.1/../../../../arm-none-eabi/lib/thumb/v6-m/nofp\libg.a(lib_a-calloc.o) (_calloc_r)
c:/progra~1/raspbe~1/picosd~1.1/gcc-ar~1/bin/../lib/gcc/arm-none-eabi/10.3.1/../../../../arm-none-eabi/lib/thumb/v6-m/nofp\libg.a(lib_a-errno.o)
                              c:/progra~1/raspbe~1/picosd~1.1/gcc-ar~1/bin/../lib/gcc/arm-none-eabi/10.3.1/../../../../arm-none-eabi/lib/thumb/v6-m/nofp\libg.a(lib_a-callocr.o) (__errno)
c:/progra~1/raspbe~1/picosd~1.1/gcc-ar~1/bin/../lib/gcc/arm-none-eabi/10.3.1/../../../../arm-none-eabi/lib/thumb/v6-m/nofp\libg.a(lib_a-impure.o)
                              c:/progra~1/raspbe~1/picosd~1.1/gcc-ar~1/bin/../lib/gcc/arm-none-eabi/10.3.1/../../../../arm-none-eabi/lib/thumb/v6-m/nofp\libg.a(lib_a-calloc.o) (_impure_ptr)
c:/progra~1/raspbe~1/picosd~1.1/gcc-ar~1/bin/../lib/gcc/arm-none-eabi/10.3.1/../../../../arm-none-eabi/lib/thumb/v6-m/nofp\libg.a(lib_a-init.o)
                              c:/progra~1/raspbe~1/picosd~1.1/gcc-ar~1/bin/../lib/gcc/arm-none-eabi/10.3.1/../../../../arm-none-eabi/lib/thumb/v6-m/nofp/crt0.o (__libc_init_array)
c:/progra~1/raspbe~1/picosd~1.1/gcc-ar~1/bin/../lib/gcc/arm-none-eabi/10.3.1/../../../../arm-none-eabi/lib/thumb/v6-m/nofp\libg.a(lib_a-malloc.o)
                              CMakeFiles/main.dir/C_/Program_Files/Raspberry_Pi/Pico_SDK_v1.5.1/pico-sdk/src/rp2_common/pico_malloc/pico_malloc.c.obj (malloc)
c:/progra~1/raspbe~1/picosd~1.1/gcc-ar~1/bin/../lib/gcc/arm-none-eabi/10.3.1/../../../../arm-none-eabi/lib/thumb/v6-m/nofp\libg.a(lib_a-mallocr.o)
                              c:/progra~1/raspbe~1/picosd~1.1/gcc-ar~1/bin/../lib/gcc/arm-none-eabi/10.3.1/../../../../arm-none-eabi/lib/thumb/v6-m/nofp\libg.a(lib_a-callocr.o) (_malloc_r)
c:/progra~1/raspbe~1/picosd~1.1/gcc-ar~1/bin/../lib/gcc/arm-none-eabi/10.3.1/../../../../arm-none-eabi/lib/thumb/v6-m/nofp\libg.a(lib_a-mlock.o)
                              c:/progra~1/raspbe~1/picosd~1.1/gcc-ar~1/bin/../lib/gcc/arm-none-eabi/10.3.1/../../../../arm-none-eabi/lib/thumb/v6-m/nofp\libg.a(lib_a-mallocr.o) (__malloc_lock)
c:/progra~1/raspbe~1/picosd~1.1/gcc-ar~1/bin/../lib/gcc/arm-none-eabi/10.3.1/../../../../arm-none-eabi/lib/thumb/v6-m/nofp\libg.a(lib_a-realloc.o)
                              CMakeFiles/main.dir/C_/Program_Files/Raspberry_Pi/Pico_SDK_v1.5.1/pico-sdk/src/rp2_common/pico_malloc/pico_malloc.c.obj (realloc)
c:/progra~1/raspbe~1/picosd~1.1/gcc-ar~1/bin/../lib/gcc/arm-none-eabi/10.3.1/../../../../arm-none-eabi/lib/thumb/v6-m/nofp\libg.a(lib_a-reallocr.o)
                              c:/progra~1/raspbe~1/picosd~1.1/gcc-ar~1/bin/../lib/gcc/arm-none-eabi/10.3.1/../../../../arm-none-eabi/lib/thumb/v6-m/nofp\libg.a(lib_a-realloc.o) (_realloc_r)
c:/progra~1/raspbe~1/picosd~1.1/gcc-ar~1/bin/../lib/gcc/arm-none-eabi/10.3.1/../../../../arm-none-eabi/lib/thumb/v6-m/nofp\libg.a(lib_a-sbrkr.o)
                              c:/progra~1/raspbe~1/picosd~1.1/gcc-ar~1/bin/../lib/gcc/arm-none-eabi/10.3.1/../../../../arm-none-eabi/lib/thumb/v6-m/nofp\libg.a(lib_a-mallocr.o) (_sbrk_r)
c:/progra~1/raspbe~1/picosd~1.1/gcc-ar~1/bin/../lib/gcc/arm-none-eabi/10.3.1/../../../../arm-none-eabi/lib/thumb/v6-m/nofp\libg.a(lib_a-scanf.o)
                              CMakeFiles/main.dir/main.c.obj (scanf)
c:/progra~1/raspbe~1/picosd~1.1/gcc-ar~1/bin/../lib/gcc/arm-none-eabi/10.3.1/../../../../arm-none-eabi/lib/thumb/v6-m/nofp\libg.a(lib_a-strlen-stub.o)
                              CMakeFiles/main.dir/C_/Program_Files/Raspberry_Pi/Pico_SDK_v1.5.1/pico-sdk/src/rp2_common/pico_stdio/stdio.c.obj (strlen)
c:/progra~1/raspbe~1/picosd~1.1/gcc-ar~1/bin/../lib/gcc/arm-none-eabi/10.3.1/../../../../arm-none-eabi/lib/thumb/v6-m/nofp\libg.a(lib_a-vfscanf.o)
                              c:/progra~1/raspbe~1/picosd~1.1/gcc-ar~1/bin/../lib/gcc/arm-none-eabi/10.3.1/../../../../arm-none-eabi/lib/thumb/v6-m/nofp\libg.a(lib_a-scanf.o) (_vfscanf_r)
c:/progra~1/raspbe~1/picosd~1.1/gcc-ar~1/bin/../lib/gcc/arm-none-eabi/10.3.1/../../../../arm-none-eabi/lib/thumb/v6-m/nofp\libg.a(lib_a-ctype_.o)
[...]
Memory Configuration

Name             Origin             Length             Attributes
FLASH            0x10000000         0x00200000         xr
RAM              0x20000000         0x00040000         xrw
SCRATCH_X        0x20040000         0x00001000         xrw
SCRATCH_Y        0x20041000         0x00001000         xrw
*default*        0x00000000         0xffffffff

Linker script and memory map

LOAD c:/progra~1/raspbe~1/picosd~1.1/gcc-ar~1/bin/../lib/gcc/arm-none-eabi/10.3.1/thumb/v6-m/nofp/crti.o
LOAD c:/progra~1/raspbe~1/picosd~1.1/gcc-ar~1/bin/../lib/gcc/arm-none-eabi/10.3.1/thumb/v6-m/nofp/crtbegin.o
LOAD c:/progra~1/raspbe~1/picosd~1.1/gcc-ar~1/bin/../lib/gcc/arm-none-eabi/10.3.1/../../../../arm-none-eabi/lib/thumb/v6-m/nofp/crt0.o

.flash_begin    0x10000000        0x0
                0x10000000                __flash_binary_start = .

.boot2          0x10000000      0x100
                0x10000000                __boot2_start__ = .
 *(.boot2)
 .boot2         0x10000000      0x100 C:\Users\maxe7\AppData\Local\Temp\ccOKVUNV.o
                0x10000100                __boot2_end__ = .
                0x00000001                ASSERT (((__boot2_end__ - __boot2_start__) == 0x100), ERROR: Pico second stage bootloader must be 256 bytes in size)

.text           0x10000100     0xcc08
                0x10000100                __logical_binary_start = .
 *(.vectors)
 .vectors       0x10000100       0xd4 CMakeFiles/main.dir/C_/Program_Files/Raspberry_Pi/Pico_SDK_v1.5.1/pico-sdk/src/rp2_common/pico_standard_link/crt0.S.obj
                0x10000100                __VECTOR_TABLE
                0x10000100                __vectors
                0x100001c0                isr_invalid
                0x100001c0                __default_isrs_start
                0x100001c2                isr_nmi
                0x100001c4                isr_hardfault
                0x100001c6                isr_svcall
                0x100001c8                isr_pendsv
                0x100001ca                isr_systick
                0x100001cc                isr_irq23
                0x100001cc                isr_irq18
                0x100001cc                isr_irq11
                0x100001cc                isr_irq28
                0x100001cc                isr_irq19
                0x100001cc                isr_irq0
                0x100001cc                isr_irq6
                0x100001cc                isr_irq5
                0x100001cc                isr_irq12
                0x100001cc                isr_irq22
                0x100001cc                isr_irq31
                0x100001cc                isr_irq17
                0x100001cc                isr_irq27
                0x100001cc                isr_irq30
                0x100001cc                isr_irq2
                0x100001cc                isr_irq10
                0x100001cc                isr_irq8
                0x100001cc                isr_irq24
                0x100001cc                isr_irq1
                0x100001cc                isr_irq7
                0x100001cc                isr_irq21
                0x100001cc                isr_irq20
                0x100001cc                isr_irq15
                0x100001cc                isr_irq25
                0x100001cc                isr_irq13
                0x100001cc                __unhandled_user_irq
                0x100001cc                isr_irq4
                0x100001cc                isr_irq16
                0x100001cc                isr_irq29
                0x100001cc                isr_irq26
                0x100001cc                __default_isrs_end
                0x100001cc                isr_irq3
                0x100001cc                isr_irq14
                0x100001cc                isr_irq9
                0x100001d2                unhandled_user_irq_num_in_r0
 *(.binary_info_header)
 .binary_info_header
                0x100001d4       0x14 CMakeFiles/main.dir/C_/Program_Files/Raspberry_Pi/Pico_SDK_v1.5.1/pico-sdk/src/rp2_common/pico_standard_link/crt0.S.obj
                0x100001e8                __binary_info_header_end = .
 *(.reset)
 .reset         0x100001e8       0xa0 CMakeFiles/main.dir/C_/Program_Files/Raspberry_Pi/Pico_SDK_v1.5.1/pico-sdk/src/rp2_common/pico_standard_link/crt0.S.obj
                0x100001e8                _entry_point
 .reset         0x10000288       0x30 CMakeFiles/main.dir/C_/Program_Files/Raspberry_Pi/Pico_SDK_v1.5.1/pico-sdk/src/rp2_common/pico_standard_link/binary_info.c.obj
 *(.init)
 .init          0x100002b8        0x4 c:/progra~1/raspbe~1/picosd~1.1/gcc-ar~1/bin/../lib/gcc/arm-none-eabi/10.3.1/thumb/v6-m/nofp/crti.o
                0x100002b8                _init
 *(EXCLUDE_FILE(*libm.a: *libc.a:*lib_a-mem*.o *libgcc.a:) .text*)
 .text          0x100002bc       0x48 c:/progra~1/raspbe~1/picosd~1.1/gcc-ar~1/bin/../lib/gcc/arm-none-eabi/10.3.1/thumb/v6-m/nofp/crtbegin.o
 .text.get_block
                0x10000304       0x74 CMakeFiles/main.dir/main.c.obj
                0x10000304                get_block
 .text.main     0x10000378        0xa CMakeFiles/main.dir/main.c.obj
                0x10000378                main
 *fill*         0x10000382        0x2 
 .text.running_on_fpga
                0x10000384       0x14 CMakeFiles/main.dir/C_/Program_Files/Raspberry_Pi/Pico_SDK_v1.5.1/pico-sdk/src/rp2_common/pico_platform/platform.c.obj
                0x10000384                running_on_fpga
 .text.hw_claim_lock
                0x10000398       0x18 CMakeFiles/main.dir/C_/Program_Files/Raspberry_Pi/Pico_SDK_v1.5.1/pico-sdk/src/rp2_common/hardware_claim/claim.c.obj
                0x10000398                hw_claim_lock
 .text.hw_claim_unlock
                0x100003b0       0x14 CMakeFiles/main.dir/C_/Program_Files/Raspberry_Pi/Pico_SDK_v1.5.1/pico-sdk/src/rp2_common/hardware_claim/claim.c.obj
                0x100003b0                hw_claim_unlock
 .text.hw_claim_or_assert
                0x100003c4       0x32 CMakeFiles/main.dir/C_/Program_Files/Raspberry_Pi/Pico_SDK_v1.5.1/pico-sdk/src/rp2_common/hardware_claim/claim.c.obj
                0x100003c4                hw_claim_or_assert
 .text.hw_claim_unused_from_range
                0x100003f6       0x50 CMakeFiles/main.dir/C_/Program_Files/Raspberry_Pi/Pico_SDK_v1.5.1/pico-sdk/src/rp2_common/hardware_claim/claim.c.obj
                0x100003f6                hw_claim_unused_from_range
 *fill*         0x10000446        0x2 
 .text.spin_locks_reset
                0x10000448       0x20 CMakeFiles/main.dir/C_/Program_Files/Raspberry_Pi/Pico_SDK_v1.5.1/pico-sdk/src/rp2_common/hardware_sync/sync.c.obj
                0x10000448                spin_locks_reset
 .text.next_striped_spin_lock_num
                0x10000468       0x1c CMakeFiles/main.dir/C_/Program_Files/Raspberry_Pi/Pico_SDK_v1.5.1/pico-sdk/src/rp2_common/hardware_sync/sync.c.obj
                0x10000468                next_striped_spin_lock_num
 .text.spin_lock_claim_unused
                0x10000484       0x20 CMakeFiles/main.dir/C_/Program_Files/Raspberry_Pi/Pico_SDK_v1.5.1/pico-sdk/src/rp2_common/hardware_sync/sync.c.obj
                0x10000484                spin_lock_claim_unused
 .text.set_raw_irq_handler_and_unlock
                0x100004a4       0x28 CMakeFiles/main.dir/C_/Program_Files/Raspberry_Pi/Pico_SDK_v1.5.1/pico-sdk/src/rp2_common/hardware_irq/irq.c.obj
 .text.make_branch
                0x100004cc       0x48 CMakeFiles/main.dir/C_/Program_Files/Raspberry_Pi/Pico_SDK_v1.5.1/pico-sdk/src/rp2_common/hardware_irq/irq.c.obj
 .text.insert_branch_and_link
                0x10000514       0x40 CMakeFiles/main.dir/C_/Program_Files/Raspberry_Pi/Pico_SDK_v1.5.1/pico-sdk/src/rp2_common/hardware_irq/irq.c.obj
 .text.irq_is_enabled
                0x10000554       0x18 CMakeFiles/main.dir/C_/Program_Files/Raspberry_Pi/Pico_SDK_v1.5.1/pico-sdk/src/rp2_common/hardware_irq/irq.c.obj
                0x10000554                irq_is_enabled
 .text.irq_set_mask_enabled
                0x1000056c       0x20 CMakeFiles/main.dir/C_/Program_Files/Raspberry_Pi/Pico_SDK_v1.5.1/pico-sdk/src/rp2_common/hardware_irq/irq.c.obj
                0x1000056c                irq_set_mask_enabled
 .text.irq_set_enabled
                0x1000058c        0xe CMakeFiles/main.dir/C_/Program_Files/Raspberry_Pi/Pico_SDK_v1.5.1/pico-sdk/src/rp2_common/hardware_irq/irq.c.obj
                0x1000058c                irq_set_enabled
 *fill*         0x1000059a        0x2 
 .text.irq_set_pending
                0x1000059c       0x10 CMakeFiles/main.dir/C_/Program_Files/Raspberry_Pi/Pico_SDK_v1.5.1/pico-sdk/src/rp2_common/hardware_irq/irq.c.obj
                0x1000059c                irq_set_pending
 .text.irq_get_vtable_handler
                0x100005ac       0x10 CMakeFiles/main.dir/C_/Program_Files/Raspberry_Pi/Pico_SDK_v1.5.1/pico-sdk/src/rp2_common/hardware_irq/irq.c.obj
                0x100005ac                irq_get_vtable_handler
 .text.irq_has_shared_handler
                0x100005bc       0x24 CMakeFiles/main.dir/C_/Program_Files/Raspberry_Pi/Pico_SDK_v1.5.1/pico-sdk/src/rp2_common/hardware_irq/irq.c.obj
                0x100005bc                irq_has_shared_handler
 .text.irq_set_exclusive_handler
                0x100005e0       0x54 CMakeFiles/main.dir/C_/Program_Files/Raspberry_Pi/Pico_SDK_v1.5.1/pico-sdk/src/rp2_common/hardware_irq/irq.c.obj
                0x100005e0                irq_set_exclusive_handler
 .text.irq_add_shared_handler
                0x10000634      0x234 CMakeFiles/main.dir/C_/Program_Files/Raspberry_Pi/Pico_SDK_v1.5.1/pico-sdk/src/rp2_common/hardware_irq/irq.c.obj
                0x10000634                irq_add_shared_handler
 .text.irq_remove_handler
                0x10000868      0x1ac CMakeFiles/main.dir/C_/Program_Files/Raspberry_Pi/Pico_SDK_v1.5.1/pico-sdk/src/rp2_common/hardware_irq/irq.c.obj
                0x10000868                irq_remove_handler
 .text.irq_add_tail_to_free_list
                0x10000a14       0xf0 CMakeFiles/main.dir/C_/Program_Files/Raspberry_Pi/Pico_SDK_v1.5.1/pico-sdk/src/rp2_common/hardware_irq/irq.c.obj
                0x10000a14                irq_add_tail_to_free_list
 .text.irq_init_priorities
                0x10000b04       0x1c CMakeFiles/main.dir/C_/Program_Files/Raspberry_Pi/Pico_SDK_v1.5.1/pico-sdk/src/rp2_common/hardware_irq/irq.c.obj
                0x10000b04                irq_init_priorities
 .text.user_irq_claim_unused
                0x10000b20       0x28 CMakeFiles/main.dir/C_/Program_Files/Raspberry_Pi/Pico_SDK_v1.5.1/pico-sdk/src/rp2_common/hardware_irq/irq.c.obj
                0x10000b20                user_irq_claim_unused
 .text.lock_init
                0x10000b48       0x10 CMakeFiles/main.dir/C_/Program_Files/Raspberry_Pi/Pico_SDK_v1.5.1/pico-sdk/src/common/pico_sync/lock_core.c.obj
                0x10000b48                lock_init
 .text.mutex_init
                0x10000b58       0x1a CMakeFiles/main.dir/C_/Program_Files/Raspberry_Pi/Pico_SDK_v1.5.1/pico-sdk/src/common/pico_sync/mutex.c.obj
                0x10000b58                mutex_init
 .text.recursive_mutex_init
                0x10000b72       0x1e CMakeFiles/main.dir/C_/Program_Files/Raspberry_Pi/Pico_SDK_v1.5.1/pico-sdk/src/common/pico_sync/mutex.c.obj
                0x10000b72                recursive_mutex_init
 .text.critical_section_init_with_lock_num
                0x10000b90       0x14 CMakeFiles/main.dir/C_/Program_Files/Raspberry_Pi/Pico_SDK_v1.5.1/pico-sdk/src/common/pico_sync/critical_section.c.obj
                0x10000b90                critical_section_init_with_lock_num
 .text.critical_section_init
                0x10000ba4       0x14 CMakeFiles/main.dir/C_/Program_Files/Raspberry_Pi/Pico_SDK_v1.5.1/pico-sdk/src/common/pico_sync/critical_section.c.obj
                0x10000ba4                critical_section_init
 .text.alarm_pool_post_alloc_init
                0x10000bb8       0x40 CMakeFiles/main.dir/C_/Program_Files/Raspberry_Pi/Pico_SDK_v1.5.1/pico-sdk/src/common/pico_time/time.c.obj
 .text.sleep_until_callback
                0x10000bf8       0x30 CMakeFiles/main.dir/C_/Program_Files/Raspberry_Pi/Pico_SDK_v1.5.1/pico-sdk/src/common/pico_time/time.c.obj
 .text.timer_pool_entry_comparator
                0x10000c28       0x7c CMakeFiles/main.dir/C_/Program_Files/Raspberry_Pi/Pico_SDK_v1.5.1/pico-sdk/src/common/pico_time/time.c.obj
                0x10000c28                timer_pool_entry_comparator
 .text.ph_add_child_node
                0x10000ca4       0xa4 CMakeFiles/main.dir/C_/Program_Files/Raspberry_Pi/Pico_SDK_v1.5.1/pico-sdk/src/common/pico_time/time.c.obj
 .text.ph_merge_nodes
                0x10000d48       0x3e CMakeFiles/main.dir/C_/Program_Files/Raspberry_Pi/Pico_SDK_v1.5.1/pico-sdk/src/common/pico_time/time.c.obj
 *fill*         0x10000d86        0x2 
 .text.add_alarm_under_lock
                0x10000d88      0x174 CMakeFiles/main.dir/C_/Program_Files/Raspberry_Pi/Pico_SDK_v1.5.1/pico-sdk/src/common/pico_time/time.c.obj
 .text.alarm_pool_alarm_callback
                0x10000efc      0x33c CMakeFiles/main.dir/C_/Program_Files/Raspberry_Pi/Pico_SDK_v1.5.1/pico-sdk/src/common/pico_time/time.c.obj
 .text.alarm_pool_init_default
                0x10001238       0x40 CMakeFiles/main.dir/C_/Program_Files/Raspberry_Pi/Pico_SDK_v1.5.1/pico-sdk/src/common/pico_time/time.c.obj
                0x10001238                alarm_pool_init_default
 .text.alarm_pool_get_default
                0x10001278       0x2c CMakeFiles/main.dir/C_/Program_Files/Raspberry_Pi/Pico_SDK_v1.5.1/pico-sdk/src/common/pico_time/time.c.obj
                0x10001278                alarm_pool_get_default
 .text.alarm_pool_add_alarm_at
                0x100012a4      0x168 CMakeFiles/main.dir/C_/Program_Files/Raspberry_Pi/Pico_SDK_v1.5.1/pico-sdk/src/common/pico_time/time.c.obj
                0x100012a4                alarm_pool_add_alarm_at
 .text.alarm_pool_cancel_alarm
                0x1000140c       0xf8 CMakeFiles/main.dir/C_/Program_Files/Raspberry_Pi/Pico_SDK_v1.5.1/pico-sdk/src/common/pico_time/time.c.obj
                0x1000140c                alarm_pool_cancel_alarm
 .text.alarm_pool_core_num
                0x10001504        0x4 CMakeFiles/main.dir/C_/Program_Files/Raspberry_Pi/Pico_SDK_v1.5.1/pico-sdk/src/common/pico_time/time.c.obj
                0x10001504                alarm_pool_core_num
 .text.sleep_until
                0x10001508       0xfc CMakeFiles/main.dir/C_/Program_Files/Raspberry_Pi/Pico_SDK_v1.5.1/pico-sdk/src/common/pico_time/time.c.obj
                0x10001508                sleep_until
 .text.sleep_us
                0x10001604       0x58 CMakeFiles/main.dir/C_/Program_Files/Raspberry_Pi/Pico_SDK_v1.5.1/pico-sdk/src/common/pico_time/time.c.obj
                0x10001604                sleep_us
 .text.sleep_ms
                0x1000165c       0x14 CMakeFiles/main.dir/C_/Program_Files/Raspberry_Pi/Pico_SDK_v1.5.1/pico-sdk/src/common/pico_time/time.c.obj
                0x1000165c                sleep_ms
 .text.best_effort_wfe_or_timeout
                0x10001670       0xac CMakeFiles/main.dir/C_/Program_Files/Raspberry_Pi/Pico_SDK_v1.5.1/pico-sdk/src/common/pico_time/time.c.obj
                0x10001670                best_effort_wfe_or_timeout
 .text.hardware_alarm_irq_handler
                0x1000171c       0x90 CMakeFiles/main.dir/C_/Program_Files/Raspberry_Pi/Pico_SDK_v1.5.1/pico-sdk/src/rp2_common/hardware_timer/timer.c.obj
 .text.hardware_alarm_claim
                0x100017ac       0x18 CMakeFiles/main.dir/C_/Program_Files/Raspberry_Pi/Pico_SDK_v1.5.1/pico-sdk/src/rp2_common/hardware_timer/timer.c.obj
                0x100017ac                hardware_alarm_claim
 .text.time_us_64
                0x100017c4       0x18 CMakeFiles/main.dir/C_/Program_Files/Raspberry_Pi/Pico_SDK_v1.5.1/pico-sdk/src/rp2_common/hardware_timer/timer.c.obj
                0x100017c4                time_us_64
 .text.busy_wait_until
                0x100017dc       0x28 CMakeFiles/main.dir/C_/Program_Files/Raspberry_Pi/Pico_SDK_v1.5.1/pico-sdk/src/rp2_common/hardware_timer/timer.c.obj
                0x100017dc                busy_wait_until
 .text.busy_wait_us
                0x10001804       0x48 CMakeFiles/main.dir/C_/Program_Files/Raspberry_Pi/Pico_SDK_v1.5.1/pico-sdk/src/rp2_common/hardware_timer/timer.c.obj
                0x10001804                busy_wait_us
 .text.hardware_alarm_set_callback
                0x1000184c       0x90 CMakeFiles/main.dir/C_/Program_Files/Raspberry_Pi/Pico_SDK_v1.5.1/pico-sdk/src/rp2_common/hardware_timer/timer.c.obj
                0x1000184c                hardware_alarm_set_callback
 .text.hardware_alarm_set_target
                0x100018dc       0xe8 CMakeFiles/main.dir/C_/Program_Files/Raspberry_Pi/Pico_SDK_v1.5.1/pico-sdk/src/rp2_common/hardware_timer/timer.c.obj
                0x100018dc                hardware_alarm_set_target
 .text.hardware_alarm_cancel
                0x100019c4       0x40 CMakeFiles/main.dir/C_/Program_Files/Raspberry_Pi/Pico_SDK_v1.5.1/pico-sdk/src/rp2_common/hardware_timer/timer.c.obj
                0x100019c4                hardware_alarm_cancel
 .text.ph_add_child_node
                0x10001a04       0xa4 CMakeFiles/main.dir/C_/Program_Files/Raspberry_Pi/Pico_SDK_v1.5.1/pico-sdk/src/common/pico_util/pheap.c.obj
 .text.ph_merge_nodes
                0x10001aa8       0x3e CMakeFiles/main.dir/C_/Program_Files/Raspberry_Pi/Pico_SDK_v1.5.1/pico-sdk/src/common/pico_util/pheap.c.obj
 *fill*         0x10001ae6        0x2 
 .text.ph_clear
                0x10001ae8       0x70 CMakeFiles/main.dir/C_/Program_Files/Raspberry_Pi/Pico_SDK_v1.5.1/pico-sdk/src/common/pico_util/pheap.c.obj
                0x10001ae8                ph_clear
 .text.ph_post_alloc_init
                0x10001b58        0xe CMakeFiles/main.dir/C_/Program_Files/Raspberry_Pi/Pico_SDK_v1.5.1/pico-sdk/src/common/pico_util/pheap.c.obj
                0x10001b58                ph_post_alloc_init
 *fill*         0x10001b66        0x2 
 .text.ph_merge_two_pass
                0x10001b68       0xa8 CMakeFiles/main.dir/C_/Program_Files/Raspberry_Pi/Pico_SDK_v1.5.1/pico-sdk/src/common/pico_util/pheap.c.obj
                0x10001b68                ph_merge_two_pass
 .text.ph_remove_any_head
                0x10001c10      0x128 CMakeFiles/main.dir/C_/Program_Files/Raspberry_Pi/Pico_SDK_v1.5.1/pico-sdk/src/common/pico_util/pheap.c.obj
 .text.ph_remove_head
                0x10001d38       0x14 CMakeFiles/main.dir/C_/Program_Files/Raspberry_Pi/Pico_SDK_v1.5.1/pico-sdk/src/common/pico_util/pheap.c.obj
                0x10001d38                ph_remove_head
 .text.ph_remove_and_free_node
                0x10001d4c       0xf8 CMakeFiles/main.dir/C_/Program_Files/Raspberry_Pi/Pico_SDK_v1.5.1/pico-sdk/src/common/pico_util/pheap.c.obj
                0x10001d4c                ph_remove_and_free_node
 .text.clock_configure
                0x10001e44      0x108 CMakeFiles/main.dir/C_/Program_Files/Raspberry_Pi/Pico_SDK_v1.5.1/pico-sdk/src/rp2_common/hardware_clocks/clocks.c.obj
                0x10001e44                clock_configure
 .text.clocks_init
                0x10001f4c      0x100 CMakeFiles/main.dir/C_/Program_Files/Raspberry_Pi/Pico_SDK_v1.5.1/pico-sdk/src/rp2_common/hardware_clocks/clocks.c.obj
                0x10001f4c                clocks_init
 .text.pll_init
                0x1000204c      0x120 CMakeFiles/main.dir/C_/Program_Files/Raspberry_Pi/Pico_SDK_v1.5.1/pico-sdk/src/rp2_common/hardware_pll/pll.c.obj
                0x1000204c                pll_init
 .text.watchdog_start_tick
                0x1000216c       0x10 CMakeFiles/main.dir/C_/Program_Files/Raspberry_Pi/Pico_SDK_v1.5.1/pico-sdk/src/rp2_common/hardware_watchdog/watchdog.c.obj
                0x1000216c                watchdog_start_tick
 .text.watchdog_update
                0x1000217c       0x14 CMakeFiles/main.dir/C_/Program_Files/Raspberry_Pi/Pico_SDK_v1.5.1/pico-sdk/src/rp2_common/hardware_watchdog/watchdog.c.obj
                0x1000217c                watchdog_update
 .text._watchdog_enable
                0x10002190       0x78 CMakeFiles/main.dir/C_/Program_Files/Raspberry_Pi/Pico_SDK_v1.5.1/pico-sdk/src/rp2_common/hardware_watchdog/watchdog.c.obj
                0x10002190                _watchdog_enable
 .text.watchdog_reboot
                0x10002208       0x48 CMakeFiles/main.dir/C_/Program_Files/Raspberry_Pi/Pico_SDK_v1.5.1/pico-sdk/src/rp2_common/hardware_watchdog/watchdog.c.obj
                0x10002208                watchdog_reboot
 .text.xosc_init
                0x10002250       0x28 CMakeFiles/main.dir/C_/Program_Files/Raspberry_Pi/Pico_SDK_v1.5.1/pico-sdk/src/rp2_common/hardware_xosc/xosc.c.obj
                0x10002250                xosc_init
 .text._exit    0x10002278        0x4 CMakeFiles/main.dir/C_/Program_Files/Raspberry_Pi/Pico_SDK_v1.5.1/pico-sdk/src/rp2_common/pico_runtime/runtime.c.obj
                0x10002278                _exit
 .text._sbrk    0x1000227c       0x38 CMakeFiles/main.dir/C_/Program_Files/Raspberry_Pi/Pico_SDK_v1.5.1/pico-sdk/src/rp2_common/pico_runtime/runtime.c.obj
                0x1000227c                _sbrk
 .text.exit     0x100022b4        0x6 CMakeFiles/main.dir/C_/Program_Files/Raspberry_Pi/Pico_SDK_v1.5.1/pico-sdk/src/rp2_common/pico_runtime/runtime.c.obj
                0x100022b4                exit
 *fill*         0x100022ba        0x2 
 .text.__assert_func
                0x100022bc       0x3c CMakeFiles/main.dir/C_/Program_Files/Raspberry_Pi/Pico_SDK_v1.5.1/pico-sdk/src/rp2_common/pico_runtime/runtime.c.obj
                0x100022bc                __assert_func
 .text.runtime_init
                0x100022f8       0xf8 CMakeFiles/main.dir/C_/Program_Files/Raspberry_Pi/Pico_SDK_v1.5.1/pico-sdk/src/rp2_common/pico_runtime/runtime.c.obj
                0x100022f8                runtime_init
 .text.panic    0x100023f0       0x30 CMakeFiles/main.dir/C_/Program_Files/Raspberry_Pi/Pico_SDK_v1.5.1/pico-sdk/src/rp2_common/pico_runtime/runtime.c.obj
                0x100023f0                panic
 .text._out_buffer
                0x10002420        0x8 CMakeFiles/main.dir/C_/Program_Files/Raspberry_Pi/Pico_SDK_v1.5.1/pico-sdk/src/rp2_common/pico_printf/printf.c.obj
 .text._out_null
                0x10002428        0x2 CMakeFiles/main.dir/C_/Program_Files/Raspberry_Pi/Pico_SDK_v1.5.1/pico-sdk/src/rp2_common/pico_printf/printf.c.obj
 .text._out_fct
                0x1000242a        0xe CMakeFiles/main.dir/C_/Program_Files/Raspberry_Pi/Pico_SDK_v1.5.1/pico-sdk/src/rp2_common/pico_printf/printf.c.obj
 .text._atoi    0x10002438       0x24 CMakeFiles/main.dir/C_/Program_Files/Raspberry_Pi/Pico_SDK_v1.5.1/pico-sdk/src/rp2_common/pico_printf/printf.c.obj
 .text._out_rev
                0x1000245c       0xae CMakeFiles/main.dir/C_/Program_Files/Raspberry_Pi/Pico_SDK_v1.5.1/pico-sdk/src/rp2_common/pico_printf/printf.c.obj
 .text._ntoa_format
                0x1000250a      0x112 CMakeFiles/main.dir/C_/Program_Files/Raspberry_Pi/Pico_SDK_v1.5.1/pico-sdk/src/rp2_common/pico_printf/printf.c.obj
 .text._ntoa_long
                0x1000261c       0xbc CMakeFiles/main.dir/C_/Program_Files/Raspberry_Pi/Pico_SDK_v1.5.1/pico-sdk/src/rp2_common/pico_printf/printf.c.obj
 .text._ntoa_long_long
                0x100026d8       0xe2 CMakeFiles/main.dir/C_/Program_Files/Raspberry_Pi/Pico_SDK_v1.5.1/pico-sdk/src/rp2_common/pico_printf/printf.c.obj
 *fill*         0x100027ba        0x2 
 .text._etoa    0x100027bc      0x414 CMakeFiles/main.dir/C_/Program_Files/Raspberry_Pi/Pico_SDK_v1.5.1/pico-sdk/src/rp2_common/pico_printf/printf.c.obj
 .text._ftoa    0x10002bd0      0x354 CMakeFiles/main.dir/C_/Program_Files/Raspberry_Pi/Pico_SDK_v1.5.1/pico-sdk/src/rp2_common/pico_printf/printf.c.obj
 .text._vsnprintf
                0x10002f24      0x624 CMakeFiles/main.dir/C_/Program_Files/Raspberry_Pi/Pico_SDK_v1.5.1/pico-sdk/src/rp2_common/pico_printf/printf.c.obj
 .text.__wrap_sprintf
                0x10003548       0x28 CMakeFiles/main.dir/C_/Program_Files/Raspberry_Pi/Pico_SDK_v1.5.1/pico-sdk/src/rp2_common/pico_printf/printf.c.obj
                0x10003548                __wrap_sprintf
 .text.vfctprintf
                0x10003570       0x20 CMakeFiles/main.dir/C_/Program_Files/Raspberry_Pi/Pico_SDK_v1.5.1/pico-sdk/src/rp2_common/pico_printf/printf.c.obj
                0x10003570                vfctprintf
 .text          0x10003590       0x10 CMakeFiles/main.dir/C_/Program_Files/Raspberry_Pi/Pico_SDK_v1.5.1/pico-sdk/src/rp2_common/pico_bit_ops/bit_ops_aeabi.S.obj
 .text.rom_func_lookup
                0x100035a0       0x10 CMakeFiles/main.dir/C_/Program_Files/Raspberry_Pi/Pico_SDK_v1.5.1/pico-sdk/src/rp2_common/pico_bootrom/bootrom.c.obj
                0x100035a0                rom_func_lookup
 .text.rom_data_lookup
                0x100035b0       0x10 CMakeFiles/main.dir/C_/Program_Files/Raspberry_Pi/Pico_SDK_v1.5.1/pico-sdk/src/rp2_common/pico_bootrom/bootrom.c.obj
                0x100035b0                rom_data_lookup
 .text.rom_funcs_lookup
                0x100035c0       0x36 CMakeFiles/main.dir/C_/Program_Files/Raspberry_Pi/Pico_SDK_v1.5.1/pico-sdk/src/rp2_common/pico_bootrom/bootrom.c.obj
                0x100035c0                rom_funcs_lookup
 *fill*         0x100035f6        0x2 
 .text.__wrap___aeabi_idiv
                0x100035f8       0x50 CMakeFiles/main.dir/C_/Program_Files/Raspberry_Pi/Pico_SDK_v1.5.1/pico-sdk/src/rp2_common/pico_divider/divider.S.obj
                0x100035f8                __wrap___aeabi_idivmod
                0x100035f8                divmod_s32s32
                0x100035f8                div_s32s32
                0x100035f8                __wrap___aeabi_idiv
                0x10003600                divmod_s32s32_unsafe
                0x1000362c                divmod_s32s32_savestate
 .text.__wrap___aeabi_uidiv
                0x10003648       0x4c CMakeFiles/main.dir/C_/Program_Files/Raspberry_Pi/Pico_SDK_v1.5.1/pico-sdk/src/rp2_common/pico_divider/divider.S.obj
                0x10003648                __wrap___aeabi_uidiv
                0x10003648                __wrap___aeabi_uidivmod
                0x10003648                div_u32u32
                0x10003648                divmod_u32u32
                0x10003650                divmod_u32u32_unsafe
                0x10003678                divmod_u32u32_savestate
 .text.__wrap___aeabi_ldiv
                0x10003694      0x424 CMakeFiles/main.dir/C_/Program_Files/Raspberry_Pi/Pico_SDK_v1.5.1/pico-sdk/src/rp2_common/pico_divider/divider.S.obj
                0x10003694                div_s64s64
                0x10003694                divmod_s64s64
                0x10003694                __wrap___aeabi_ldivmod
                0x100036c4                divmod_u64u64
                0x100036c4                div_u64u64
                0x100036c4                __wrap___aeabi_uldivmod
                0x100036d4                divmod_u64u64_savestate
                0x100036f4                divmod_s64s64_unsafe
                0x1000377c                divmod_u64u64_unsafe
 .text.__wrap___aeabi_darithmetic
                0x10003ab8       0x80 CMakeFiles/main.dir/C_/Program_Files/Raspberry_Pi/Pico_SDK_v1.5.1/pico-sdk/src/rp2_common/pico_double/double_aeabi.S.obj
                0x10003ab8                __wrap___aeabi_drsub
                0x10003abe                __wrap___aeabi_dsub
                0x10003ad0                __wrap___aeabi_dadd
                0x10003ae2                __wrap___aeabi_ddiv
                0x10003b1e                __wrap___aeabi_dmul
 .text.__wrap___aeabi_cdcmple
                0x10003b38       0x6c CMakeFiles/main.dir/C_/Program_Files/Raspberry_Pi/Pico_SDK_v1.5.1/pico-sdk/src/rp2_common/pico_double/double_aeabi.S.obj
                0x10003b38                __wrap___aeabi_cdrcmple
                0x10003b48                __wrap___aeabi_cdcmpeq
                0x10003b48                __wrap___aeabi_cdcmple
 .text.__wrap___aeabi_dcmpeq
                0x10003ba4       0x10 CMakeFiles/main.dir/C_/Program_Files/Raspberry_Pi/Pico_SDK_v1.5.1/pico-sdk/src/rp2_common/pico_double/double_aeabi.S.obj
                0x10003ba4                __wrap___aeabi_dcmpeq
 .text.__wrap___aeabi_dcmplt
                0x10003bb4        0xc CMakeFiles/main.dir/C_/Program_Files/Raspberry_Pi/Pico_SDK_v1.5.1/pico-sdk/src/rp2_common/pico_double/double_aeabi.S.obj
                0x10003bb4                __wrap___aeabi_dcmplt
 .text.__wrap___aeabi_dcmple
                0x10003bc0       0x10 CMakeFiles/main.dir/C_/Program_Files/Raspberry_Pi/Pico_SDK_v1.5.1/pico-sdk/src/rp2_common/pico_double/double_aeabi.S.obj
                0x10003bc0                __wrap___aeabi_dcmple
 .text.__wrap___aeabi_dcmpge
                0x10003bd0       0x10 CMakeFiles/main.dir/C_/Program_Files/Raspberry_Pi/Pico_SDK_v1.5.1/pico-sdk/src/rp2_common/pico_double/double_aeabi.S.obj
                0x10003bd0                __wrap___aeabi_dcmpge
 .text.__wrap___aeabi_dcmpgt
                0x10003be0        0xa CMakeFiles/main.dir/C_/Program_Files/Raspberry_Pi/Pico_SDK_v1.5.1/pico-sdk/src/rp2_common/pico_double/double_aeabi.S.obj
                0x10003be0                __wrap___aeabi_dcmpgt
 .text.__wrap___aeabi_dcmpun
                0x10003bea       0x1c CMakeFiles/main.dir/C_/Program_Files/Raspberry_Pi/Pico_SDK_v1.5.1/pico-sdk/src/rp2_common/pico_double/double_aeabi.S.obj
                0x10003bea                __wrap___aeabi_dcmpun
 *fill*         0x10003c06        0x2 
 .text.__wrap___aeabi_i2d
                0x10003c08       0x38 CMakeFiles/main.dir/C_/Program_Files/Raspberry_Pi/Pico_SDK_v1.5.1/pico-sdk/src/rp2_common/pico_double/double_aeabi.S.obj
                0x10003c08                __wrap___aeabi_ui2d
                0x10003c10                __wrap___aeabi_i2d
 .text.__wrap___aeabi_d2iz
                0x10003c40       0x48 CMakeFiles/main.dir/C_/Program_Files/Raspberry_Pi/Pico_SDK_v1.5.1/pico-sdk/src/rp2_common/pico_double/double_aeabi.S.obj
                0x10003c40                double2int_z
                0x10003c40                __wrap___aeabi_d2iz
 .text.__wrap___aeabi_d2uiz
                0x10003c88       0x18 CMakeFiles/main.dir/C_/Program_Files/Raspberry_Pi/Pico_SDK_v1.5.1/pico-sdk/src/rp2_common/pico_double/double_aeabi.S.obj
                0x10003c88                __wrap___aeabi_d2uiz
                0x10003c88                double2uint
 .text.__wrap___aeabi_l2d
                0x10003ca0       0x18 CMakeFiles/main.dir/C_/Program_Files/Raspberry_Pi/Pico_SDK_v1.5.1/pico-sdk/src/rp2_common/pico_double/double_aeabi.S.obj
                0x10003ca0                __wrap___aeabi_l2d
 .text.__wrap___aeabi_d2lz
                0x10003cb8       0x26 CMakeFiles/main.dir/C_/Program_Files/Raspberry_Pi/Pico_SDK_v1.5.1/pico-sdk/src/rp2_common/pico_double/double_aeabi.S.obj
                0x10003cb8                double2int64_z
                0x10003cb8                __wrap___aeabi_d2lz
 *fill*         0x10003cde        0x2 
 .text.double2int64
                0x10003ce0       0x18 CMakeFiles/main.dir/C_/Program_Files/Raspberry_Pi/Pico_SDK_v1.5.1/pico-sdk/src/rp2_common/pico_double/double_aeabi.S.obj
                0x10003ce0                double2int64
 .text.double2ufix64
                0x10003cf8       0x18 CMakeFiles/main.dir/C_/Program_Files/Raspberry_Pi/Pico_SDK_v1.5.1/pico-sdk/src/rp2_common/pico_double/double_aeabi.S.obj
                0x10003cf8                double2ufix64
 .text.__wrap___aeabi_d2f
                0x10003d10       0x18 CMakeFiles/main.dir/C_/Program_Files/Raspberry_Pi/Pico_SDK_v1.5.1/pico-sdk/src/rp2_common/pico_double/double_aeabi.S.obj
                0x10003d10                __wrap___aeabi_d2f
 .text.__aeabi_double_init
                0x10003d28       0xc8 CMakeFiles/main.dir/C_/Program_Files/Raspberry_Pi/Pico_SDK_v1.5.1/pico-sdk/src/rp2_common/pico_double/double_init_rom.c.obj
                0x10003d28                __aeabi_double_init
 .text.double_table_shim_on_use_helper
                0x10003df0       0x34 CMakeFiles/main.dir/C_/Program_Files/Raspberry_Pi/Pico_SDK_v1.5.1/pico-sdk/src/rp2_common/pico_double/double_v1_rom_shim.S.obj
                0x10003df0                double_table_shim_on_use_helper
 .text.__wrap___aeabi_dsub
                0x10003e24       0x10 CMakeFiles/main.dir/C_/Program_Files/Raspberry_Pi/Pico_SDK_v1.5.1/pico-sdk/src/rp2_common/pico_double/double_v1_rom_shim.S.obj
                0x10003e24                drsub_shim
                0x10003e2a                dsub_shim
 .text.dadd_shim
                0x10003e34      0x15c CMakeFiles/main.dir/C_/Program_Files/Raspberry_Pi/Pico_SDK_v1.5.1/pico-sdk/src/rp2_common/pico_double/double_v1_rom_shim.S.obj
                0x10003e34                dadd_shim
 .text.dmul_shim
                0x10003f90      0x15c CMakeFiles/main.dir/C_/Program_Files/Raspberry_Pi/Pico_SDK_v1.5.1/pico-sdk/src/rp2_common/pico_double/double_v1_rom_shim.S.obj
                0x10003f90                dmul_shim
 .text.ddiv_shim
                0x100040ec      0x1b0 CMakeFiles/main.dir/C_/Program_Files/Raspberry_Pi/Pico_SDK_v1.5.1/pico-sdk/src/rp2_common/pico_double/double_v1_rom_shim.S.obj
                0x100040ec                ddiv_shim
 .text.double2uint_shim
                0x1000429c        0xe CMakeFiles/main.dir/C_/Program_Files/Raspberry_Pi/Pico_SDK_v1.5.1/pico-sdk/src/rp2_common/pico_double/double_v1_rom_shim.S.obj
                0x1000429c                double2uint_shim
                0x1000429e                double2ufix_shim
 .text.double2int64_shim
                0x100042aa       0x1a CMakeFiles/main.dir/C_/Program_Files/Raspberry_Pi/Pico_SDK_v1.5.1/pico-sdk/src/rp2_common/pico_double/double_v1_rom_shim.S.obj
                0x100042aa                double2int64_shim
                0x100042ac                double2fix64_shim
 .text.double2uint64_shim
                0x100042c4       0x70 CMakeFiles/main.dir/C_/Program_Files/Raspberry_Pi/Pico_SDK_v1.5.1/pico-sdk/src/rp2_common/pico_double/double_v1_rom_shim.S.obj
                0x100042c4                double2uint64_shim
                0x100042c6                double2ufix64_shim
                0x100042e6                d2fix_a
 .text.double2float_shim
                0x10004334       0x5c CMakeFiles/main.dir/C_/Program_Files/Raspberry_Pi/Pico_SDK_v1.5.1/pico-sdk/src/rp2_common/pico_double/double_v1_rom_shim.S.obj
                0x10004334                double2float_shim
 .text.x2double_shims
                0x10004390       0x90 CMakeFiles/main.dir/C_/Program_Files/Raspberry_Pi/Pico_SDK_v1.5.1/pico-sdk/src/rp2_common/pico_double/double_v1_rom_shim.S.obj
                0x10004390                uint2double_shim
                0x10004392                ufix2double_shim
                0x10004398                int2double_shim
                0x1000439a                fix2double_shim
                0x100043a0                uint642double_shim
                0x100043a2                ufix642double_shim
                0x100043a8                int642double_shim
                0x100043aa                fix642double_shim
 .text.dunpacks
                0x10004420       0x3c CMakeFiles/main.dir/C_/Program_Files/Raspberry_Pi/Pico_SDK_v1.5.1/pico-sdk/src/rp2_common/pico_double/double_v1_rom_shim.S.obj
                0x10004420                dunpacks
 .text.__aeabi_lmul
                0x1000445c       0x32 CMakeFiles/main.dir/C_/Program_Files/Raspberry_Pi/Pico_SDK_v1.5.1/pico-sdk/src/rp2_common/pico_int64_ops/pico_int64_ops_aeabi.S.obj
                0x1000445c                __wrap___aeabi_lmul
 *fill*         0x1000448e        0x2 
 .text.__aeabi_float_init
                0x10004490       0xfc CMakeFiles/main.dir/C_/Program_Files/Raspberry_Pi/Pico_SDK_v1.5.1/pico-sdk/src/rp2_common/pico_float/float_init_rom.c.obj
                0x10004490                __aeabi_float_init
 .text.float_table_shim_on_use_helper
                0x1000458c       0x34 CMakeFiles/main.dir/C_/Program_Files/Raspberry_Pi/Pico_SDK_v1.5.1/pico-sdk/src/rp2_common/pico_float/float_v1_rom_shim.S.obj
                0x1000458c                float_table_shim_on_use_helper
 .text.__wrap_malloc
                0x100045c0       0x24 CMakeFiles/main.dir/C_/Program_Files/Raspberry_Pi/Pico_SDK_v1.5.1/pico-sdk/src/rp2_common/pico_malloc/pico_malloc.c.obj
                0x100045c0                __wrap_malloc
 .text.__wrap_realloc
                0x100045e4       0x24 CMakeFiles/main.dir/C_/Program_Files/Raspberry_Pi/Pico_SDK_v1.5.1/pico-sdk/src/rp2_common/pico_malloc/pico_malloc.c.obj
                0x100045e4                __wrap_realloc
 .text.__wrap_free
                0x10004608        0x8 CMakeFiles/main.dir/C_/Program_Files/Raspberry_Pi/Pico_SDK_v1.5.1/pico-sdk/src/rp2_common/pico_malloc/pico_malloc.c.obj
                0x10004608                __wrap_free
 .text          0x10004610       0x10 CMakeFiles/main.dir/C_/Program_Files/Raspberry_Pi/Pico_SDK_v1.5.1/pico-sdk/src/rp2_common/pico_mem_ops/mem_ops_aeabi.S.obj
                0x10004610                __aeabi_mem_init
 .text.memset   0x10004620        0xc CMakeFiles/main.dir/C_/Program_Files/Raspberry_Pi/Pico_SDK_v1.5.1/pico-sdk/src/rp2_common/pico_mem_ops/mem_ops_aeabi.S.obj
                0x10004620                __wrap_memset
 .text.memcpy   0x1000462c        0xc CMakeFiles/main.dir/C_/Program_Files/Raspberry_Pi/Pico_SDK_v1.5.1/pico-sdk/src/rp2_common/pico_mem_ops/mem_ops_aeabi.S.obj
                0x1000462c                __wrap_memcpy
                0x1000462c                __wrap___aeabi_memcpy
 .text.stdio_out_chars_no_crlf
                0x10004638        0xe CMakeFiles/main.dir/C_/Program_Files/Raspberry_Pi/Pico_SDK_v1.5.1/pico-sdk/src/rp2_common/pico_stdio/stdio.c.obj
 *fill*         0x10004646        0x2 
 .text.stdio_out_chars_crlf
                0x10004648       0x80 CMakeFiles/main.dir/C_/Program_Files/Raspberry_Pi/Pico_SDK_v1.5.1/pico-sdk/src/rp2_common/pico_stdio/stdio.c.obj
 .text.stdio_stack_buffer_flush
                0x100046c8       0x44 CMakeFiles/main.dir/C_/Program_Files/Raspberry_Pi/Pico_SDK_v1.5.1/pico-sdk/src/rp2_common/pico_stdio/stdio.c.obj
 .text.stdio_buffered_printer
                0x1000470c       0x20 CMakeFiles/main.dir/C_/Program_Files/Raspberry_Pi/Pico_SDK_v1.5.1/pico-sdk/src/rp2_common/pico_stdio/stdio.c.obj
 .text.stdio_get_until
                0x1000472c       0x80 CMakeFiles/main.dir/C_/Program_Files/Raspberry_Pi/Pico_SDK_v1.5.1/pico-sdk/src/rp2_common/pico_stdio/stdio.c.obj
 .text.stdout_serialize_begin
                0x100047ac       0x5c CMakeFiles/main.dir/C_/Program_Files/Raspberry_Pi/Pico_SDK_v1.5.1/pico-sdk/src/rp2_common/pico_stdio/stdio.c.obj
                0x100047ac                stdout_serialize_begin
 .text.stdout_serialize_end
                0x10004808       0x10 CMakeFiles/main.dir/C_/Program_Files/Raspberry_Pi/Pico_SDK_v1.5.1/pico-sdk/src/rp2_common/pico_stdio/stdio.c.obj
                0x10004808                stdout_serialize_end
 .text.stdio_put_string
                0x10004818       0x98 CMakeFiles/main.dir/C_/Program_Files/Raspberry_Pi/Pico_SDK_v1.5.1/pico-sdk/src/rp2_common/pico_stdio/stdio.c.obj
 .text._read    0x100048b0       0x24 CMakeFiles/main.dir/C_/Program_Files/Raspberry_Pi/Pico_SDK_v1.5.1/pico-sdk/src/rp2_common/pico_stdio/stdio.c.obj
                0x100048b0                _read
 .text._write   0x100048d4       0x22 CMakeFiles/main.dir/C_/Program_Files/Raspberry_Pi/Pico_SDK_v1.5.1/pico-sdk/src/rp2_common/pico_stdio/stdio.c.obj
                0x100048d4                _write
 .text._close   0x100048f6        0x6 CMakeFiles/main.dir/C_/Program_Files/Raspberry_Pi/Pico_SDK_v1.5.1/pico-sdk/src/rp2_common/pico_stdio/stdio.c.obj
                0x100048f6                _close
 .text._lseek   0x100048fc        0x6 CMakeFiles/main.dir/C_/Program_Files/Raspberry_Pi/Pico_SDK_v1.5.1/pico-sdk/src/rp2_common/pico_stdio/stdio.c.obj
                0x100048fc                _lseek
 .text._fstat   0x10004902        0x6 CMakeFiles/main.dir/C_/Program_Files/Raspberry_Pi/Pico_SDK_v1.5.1/pico-sdk/src/rp2_common/pico_stdio/stdio.c.obj
                0x10004902                _fstat
 .text._isatty  0x10004908        0xc CMakeFiles/main.dir/C_/Program_Files/Raspberry_Pi/Pico_SDK_v1.5.1/pico-sdk/src/rp2_common/pico_stdio/stdio.c.obj
                0x10004908                _isatty
 .text.stdio_set_driver_enabled
                0x10004914       0x2c CMakeFiles/main.dir/C_/Program_Files/Raspberry_Pi/Pico_SDK_v1.5.1/pico-sdk/src/rp2_common/pico_stdio/stdio.c.obj
                0x10004914                stdio_set_driver_enabled
 .text.stdio_flush
                0x10004940       0x20 CMakeFiles/main.dir/C_/Program_Files/Raspberry_Pi/Pico_SDK_v1.5.1/pico-sdk/src/rp2_common/pico_stdio/stdio.c.obj
                0x10004940                stdio_flush
 .text.__wrap_puts
                0x10004960       0x1e CMakeFiles/main.dir/C_/Program_Files/Raspberry_Pi/Pico_SDK_v1.5.1/pico-sdk/src/rp2_common/pico_stdio/stdio.c.obj
                0x10004960                __wrap_puts
 *fill*         0x1000497e        0x2 
 .text.__wrap_vprintf
                0x10004980       0x40 CMakeFiles/main.dir/C_/Program_Files/Raspberry_Pi/Pico_SDK_v1.5.1/pico-sdk/src/rp2_common/pico_stdio/stdio.c.obj
                0x10004980                __wrap_vprintf
 .text.__wrap_printf
                0x100049c0       0x18 CMakeFiles/main.dir/C_/Program_Files/Raspberry_Pi/Pico_SDK_v1.5.1/pico-sdk/src/rp2_common/pico_stdio/stdio.c.obj
                0x100049c0                __wrap_printf
 .text.stdio_init_all
                0x100049d8        0x8 CMakeFiles/main.dir/C_/Program_Files/Raspberry_Pi/Pico_SDK_v1.5.1/pico-sdk/src/rp2_common/pico_stdio/stdio.c.obj
                0x100049d8                stdio_init_all
 .text.resetd_init
                0x100049e0        0x2 CMakeFiles/main.dir/C_/Program_Files/Raspberry_Pi/Pico_SDK_v1.5.1/pico-sdk/src/rp2_common/pico_stdio_usb/reset_interface.c.obj
 *fill*         0x100049e2        0x2 
 .text.resetd_reset
                0x100049e4        0xc CMakeFiles/main.dir/C_/Program_Files/Raspberry_Pi/Pico_SDK_v1.5.1/pico-sdk/src/rp2_common/pico_stdio_usb/reset_interface.c.obj
 .text.resetd_open
                0x100049f0       0x34 CMakeFiles/main.dir/C_/Program_Files/Raspberry_Pi/Pico_SDK_v1.5.1/pico-sdk/src/rp2_common/pico_stdio_usb/reset_interface.c.obj
 .text.resetd_xfer_cb
                0x10004a24        0x4 CMakeFiles/main.dir/C_/Program_Files/Raspberry_Pi/Pico_SDK_v1.5.1/pico-sdk/src/rp2_common/pico_stdio_usb/reset_interface.c.obj
 .text.reset_usb_boot
                0x10004a28       0x18 CMakeFiles/main.dir/C_/Program_Files/Raspberry_Pi/Pico_SDK_v1.5.1/pico-sdk/src/rp2_common/pico_stdio_usb/reset_interface.c.obj
 .text.resetd_control_xfer_cb
                0x10004a40       0x5c CMakeFiles/main.dir/C_/Program_Files/Raspberry_Pi/Pico_SDK_v1.5.1/pico-sdk/src/rp2_common/pico_stdio_usb/reset_interface.c.obj
 .text.usbd_app_driver_get_cb
                0x10004a9c        0xc CMakeFiles/main.dir/C_/Program_Files/Raspberry_Pi/Pico_SDK_v1.5.1/pico-sdk/src/rp2_common/pico_stdio_usb/reset_interface.c.obj
                0x10004a9c                usbd_app_driver_get_cb
 .text.tud_cdc_line_coding_cb
                0x10004aa8       0x28 CMakeFiles/main.dir/C_/Program_Files/Raspberry_Pi/Pico_SDK_v1.5.1/pico-sdk/src/rp2_common/pico_stdio_usb/reset_interface.c.obj
                0x10004aa8                tud_cdc_line_coding_cb
 .text.stdio_usb_set_chars_available_callback
                0x10004ad0       0x14 CMakeFiles/main.dir/C_/Program_Files/Raspberry_Pi/Pico_SDK_v1.5.1/pico-sdk/src/rp2_common/pico_stdio_usb/stdio_usb.c.obj
                0x10004ad0                stdio_usb_set_chars_available_callback
 .text.usb_irq  0x10004ae4       0x10 CMakeFiles/main.dir/C_/Program_Files/Raspberry_Pi/Pico_SDK_v1.5.1/pico-sdk/src/rp2_common/pico_stdio_usb/stdio_usb.c.obj
 .text.timer_task
                0x10004af4       0x5c CMakeFiles/main.dir/C_/Program_Files/Raspberry_Pi/Pico_SDK_v1.5.1/pico-sdk/src/rp2_common/pico_stdio_usb/stdio_usb.c.obj
 .text.low_priority_worker_irq
                0x10004b50       0xdc CMakeFiles/main.dir/C_/Program_Files/Raspberry_Pi/Pico_SDK_v1.5.1/pico-sdk/src/rp2_common/pico_stdio_usb/stdio_usb.c.obj
 .text.tud_cdc_rx_cb
                0x10004c2c       0x20 CMakeFiles/main.dir/C_/Program_Files/Raspberry_Pi/Pico_SDK_v1.5.1/pico-sdk/src/rp2_common/pico_stdio_usb/stdio_usb.c.obj
                0x10004c2c                tud_cdc_rx_cb
 .text.stdio_usb_init
                0x10004c4c      0x11c CMakeFiles/main.dir/C_/Program_Files/Raspberry_Pi/Pico_SDK_v1.5.1/pico-sdk/src/rp2_common/pico_stdio_usb/stdio_usb.c.obj
                0x10004c4c                stdio_usb_init
 .text.stdio_usb_connected
                0x10004d68        0xa CMakeFiles/main.dir/C_/Program_Files/Raspberry_Pi/Pico_SDK_v1.5.1/pico-sdk/src/rp2_common/pico_stdio_usb/stdio_usb.c.obj
                0x10004d68                stdio_usb_connected
 *fill*         0x10004d72        0x2 
 .text.stdio_usb_in_chars
                0x10004d74       0xc4 CMakeFiles/main.dir/C_/Program_Files/Raspberry_Pi/Pico_SDK_v1.5.1/pico-sdk/src/rp2_common/pico_stdio_usb/stdio_usb.c.obj
                0x10004d74                stdio_usb_in_chars
 .text.stdio_usb_out_chars
                0x10004e38      0x114 CMakeFiles/main.dir/C_/Program_Files/Raspberry_Pi/Pico_SDK_v1.5.1/pico-sdk/src/rp2_common/pico_stdio_usb/stdio_usb.c.obj
 .text.tud_descriptor_device_cb
                0x10004f4c        0x8 CMakeFiles/main.dir/C_/Program_Files/Raspberry_Pi/Pico_SDK_v1.5.1/pico-sdk/src/rp2_common/pico_stdio_usb/stdio_usb_descriptors.c.obj
                0x10004f4c                tud_descriptor_device_cb
 .text.tud_descriptor_configuration_cb
                0x10004f54        0x8 CMakeFiles/main.dir/C_/Program_Files/Raspberry_Pi/Pico_SDK_v1.5.1/pico-sdk/src/rp2_common/pico_stdio_usb/stdio_usb_descriptors.c.obj
                0x10004f54                tud_descriptor_configuration_cb
 .text.tud_descriptor_string_cb
                0x10004f5c       0x6c CMakeFiles/main.dir/C_/Program_Files/Raspberry_Pi/Pico_SDK_v1.5.1/pico-sdk/src/rp2_common/pico_stdio_usb/stdio_usb_descriptors.c.obj
                0x10004f5c                tud_descriptor_string_cb
 .text._retrieve_unique_id_on_boot
                0x10004fc8       0x10 CMakeFiles/main.dir/C_/Program_Files/Raspberry_Pi/Pico_SDK_v1.5.1/pico-sdk/src/rp2_common/pico_unique_id/unique_id.c.obj
 .text.pico_get_unique_board_id_string
                0x10004fd8       0x60 CMakeFiles/main.dir/C_/Program_Files/Raspberry_Pi/Pico_SDK_v1.5.1/pico-sdk/src/rp2_common/pico_unique_id/unique_id.c.obj
                0x10004fd8                pico_get_unique_board_id_string
 .text.flash_get_unique_id
                0x10005038       0x46 CMakeFiles/main.dir/C_/Program_Files/Raspberry_Pi/Pico_SDK_v1.5.1/pico-sdk/src/rp2_common/hardware_flash/flash.c.obj
                0x10005038                flash_get_unique_id
 *fill*         0x1000507e        0x2 
 .text.hw_endpoint_get_by_addr
                0x10005080       0x18 CMakeFiles/main.dir/C_/Program_Files/Raspberry_Pi/Pico_SDK_v1.5.1/pico-sdk/lib/tinyusb/src/portable/raspberrypi/rp2040/dcd_rp2040.c.obj
 .text._hw_endpoint_alloc
                0x10005098       0x70 CMakeFiles/main.dir/C_/Program_Files/Raspberry_Pi/Pico_SDK_v1.5.1/pico-sdk/lib/tinyusb/src/portable/raspberrypi/rp2040/dcd_rp2040.c.obj
 .text.hw_endpoint_init
                0x10005108       0x88 CMakeFiles/main.dir/C_/Program_Files/Raspberry_Pi/Pico_SDK_v1.5.1/pico-sdk/lib/tinyusb/src/portable/raspberrypi/rp2040/dcd_rp2040.c.obj
 .text.hw_endpoint_xfer
                0x10005190       0x14 CMakeFiles/main.dir/C_/Program_Files/Raspberry_Pi/Pico_SDK_v1.5.1/pico-sdk/lib/tinyusb/src/portable/raspberrypi/rp2040/dcd_rp2040.c.obj
 .text.dcd_int_enable
                0x100051a4       0x2c CMakeFiles/main.dir/C_/Program_Files/Raspberry_Pi/Pico_SDK_v1.5.1/pico-sdk/lib/tinyusb/src/portable/raspberrypi/rp2040/dcd_rp2040.c.obj
                0x100051a4                dcd_int_enable
 .text.dcd_set_address
                0x100051d0       0x2c CMakeFiles/main.dir/C_/Program_Files/Raspberry_Pi/Pico_SDK_v1.5.1/pico-sdk/lib/tinyusb/src/portable/raspberrypi/rp2040/dcd_rp2040.c.obj
                0x100051d0                dcd_set_address
 .text.dcd_connect
                0x100051fc       0x10 CMakeFiles/main.dir/C_/Program_Files/Raspberry_Pi/Pico_SDK_v1.5.1/pico-sdk/lib/tinyusb/src/portable/raspberrypi/rp2040/dcd_rp2040.c.obj
                0x100051fc                dcd_connect
 .text.dcd_init
                0x1000520c       0x80 CMakeFiles/main.dir/C_/Program_Files/Raspberry_Pi/Pico_SDK_v1.5.1/pico-sdk/lib/tinyusb/src/portable/raspberrypi/rp2040/dcd_rp2040.c.obj
                0x1000520c                dcd_init
 .text.dcd_edpt0_status_complete
                0x1000528c       0x1c CMakeFiles/main.dir/C_/Program_Files/Raspberry_Pi/Pico_SDK_v1.5.1/pico-sdk/lib/tinyusb/src/portable/raspberrypi/rp2040/dcd_rp2040.c.obj
                0x1000528c                dcd_edpt0_status_complete
 .text.dcd_edpt_open
                0x100052a8       0x40 CMakeFiles/main.dir/C_/Program_Files/Raspberry_Pi/Pico_SDK_v1.5.1/pico-sdk/lib/tinyusb/src/portable/raspberrypi/rp2040/dcd_rp2040.c.obj
                0x100052a8                dcd_edpt_open
 .text.dcd_edpt_close_all
                0x100052e8        0x8 CMakeFiles/main.dir/C_/Program_Files/Raspberry_Pi/Pico_SDK_v1.5.1/pico-sdk/lib/tinyusb/src/portable/raspberrypi/rp2040/dcd_rp2040.c.obj
                0x100052e8                dcd_edpt_close_all
 .text.dcd_edpt_xfer
                0x100052f0       0x34 CMakeFiles/main.dir/C_/Program_Files/Raspberry_Pi/Pico_SDK_v1.5.1/pico-sdk/lib/tinyusb/src/portable/raspberrypi/rp2040/dcd_rp2040.c.obj
                0x100052f0                dcd_edpt_xfer
 .text.dcd_edpt_stall
                0x10005324       0x2c CMakeFiles/main.dir/C_/Program_Files/Raspberry_Pi/Pico_SDK_v1.5.1/pico-sdk/lib/tinyusb/src/portable/raspberrypi/rp2040/dcd_rp2040.c.obj
                0x10005324                dcd_edpt_stall
 .text.dcd_edpt_clear_stall
                0x10005350       0x20 CMakeFiles/main.dir/C_/Program_Files/Raspberry_Pi/Pico_SDK_v1.5.1/pico-sdk/lib/tinyusb/src/portable/raspberrypi/rp2040/dcd_rp2040.c.obj
                0x10005350                dcd_edpt_clear_stall
 .text.rp2040_usb_init
                0x10005370       0x4c CMakeFiles/main.dir/C_/Program_Files/Raspberry_Pi/Pico_SDK_v1.5.1/pico-sdk/lib/tinyusb/src/portable/raspberrypi/rp2040/rp2040_usb.c.obj
                0x10005370                rp2040_usb_init
 .text.hw_endpoint_xfer_start
                0x100053bc       0x50 CMakeFiles/main.dir/C_/Program_Files/Raspberry_Pi/Pico_SDK_v1.5.1/pico-sdk/lib/tinyusb/src/portable/raspberrypi/rp2040/rp2040_usb.c.obj
                0x100053bc                hw_endpoint_xfer_start
 .text.configuration_reset
                0x1000540c       0x84 CMakeFiles/main.dir/C_/Program_Files/Raspberry_Pi/Pico_SDK_v1.5.1/pico-sdk/lib/tinyusb/src/device/usbd.c.obj
 .text.usbd_reset
                0x10005490        0xc CMakeFiles/main.dir/C_/Program_Files/Raspberry_Pi/Pico_SDK_v1.5.1/pico-sdk/lib/tinyusb/src/device/usbd.c.obj
 .text.invoke_class_control
                0x1000549c       0x1a CMakeFiles/main.dir/C_/Program_Files/Raspberry_Pi/Pico_SDK_v1.5.1/pico-sdk/lib/tinyusb/src/device/usbd.c.obj
 *fill*         0x100054b6        0x2 
 .text.process_set_config
                0x100054b8      0x178 CMakeFiles/main.dir/C_/Program_Files/Raspberry_Pi/Pico_SDK_v1.5.1/pico-sdk/lib/tinyusb/src/device/usbd.c.obj
 .text.process_get_descriptor
                0x10005630       0xdc CMakeFiles/main.dir/C_/Program_Files/Raspberry_Pi/Pico_SDK_v1.5.1/pico-sdk/lib/tinyusb/src/device/usbd.c.obj
 .text.tud_mounted
                0x1000570c       0x10 CMakeFiles/main.dir/C_/Program_Files/Raspberry_Pi/Pico_SDK_v1.5.1/pico-sdk/lib/tinyusb/src/device/usbd.c.obj
                0x1000570c                tud_mounted
 .text.tud_suspended
                0x1000571c       0x10 CMakeFiles/main.dir/C_/Program_Files/Raspberry_Pi/Pico_SDK_v1.5.1/pico-sdk/lib/tinyusb/src/device/usbd.c.obj
                0x1000571c                tud_suspended
 .text.tud_inited
                0x1000572c       0x14 CMakeFiles/main.dir/C_/Program_Files/Raspberry_Pi/Pico_SDK_v1.5.1/pico-sdk/lib/tinyusb/src/device/usbd.c.obj
                0x1000572c                tud_inited
 .text.tud_init
                0x10005740       0xcc CMakeFiles/main.dir/C_/Program_Files/Raspberry_Pi/Pico_SDK_v1.5.1/pico-sdk/lib/tinyusb/src/device/usbd.c.obj
                0x10005740                tud_init
 .text.usbd_defer_func
                0x1000580c       0x2a CMakeFiles/main.dir/C_/Program_Files/Raspberry_Pi/Pico_SDK_v1.5.1/pico-sdk/lib/tinyusb/src/device/usbd.c.obj
                0x1000580c                usbd_defer_func
 *fill*         0x10005836        0x2 
 .text.usbd_edpt_open
                0x10005838       0x34 CMakeFiles/main.dir/C_/Program_Files/Raspberry_Pi/Pico_SDK_v1.5.1/pico-sdk/lib/tinyusb/src/device/usbd.c.obj
                0x10005838                usbd_edpt_open
 .text.usbd_open_edpt_pair
                0x1000586c       0x62 CMakeFiles/main.dir/C_/Program_Files/Raspberry_Pi/Pico_SDK_v1.5.1/pico-sdk/lib/tinyusb/src/device/usbd.c.obj
                0x1000586c                usbd_open_edpt_pair
 *fill*         0x100058ce        0x2 
 .text.usbd_edpt_claim
                0x100058d0       0x28 CMakeFiles/main.dir/C_/Program_Files/Raspberry_Pi/Pico_SDK_v1.5.1/pico-sdk/lib/tinyusb/src/device/usbd.c.obj
                0x100058d0                usbd_edpt_claim
 .text.usbd_edpt_release
                0x100058f8       0x28 CMakeFiles/main.dir/C_/Program_Files/Raspberry_Pi/Pico_SDK_v1.5.1/pico-sdk/lib/tinyusb/src/device/usbd.c.obj
                0x100058f8                usbd_edpt_release
 .text.usbd_edpt_xfer
                0x10005920       0x78 CMakeFiles/main.dir/C_/Program_Files/Raspberry_Pi/Pico_SDK_v1.5.1/pico-sdk/lib/tinyusb/src/device/usbd.c.obj
                0x10005920                usbd_edpt_xfer
 .text.usbd_edpt_stall
                0x10005998       0x48 CMakeFiles/main.dir/C_/Program_Files/Raspberry_Pi/Pico_SDK_v1.5.1/pico-sdk/lib/tinyusb/src/device/usbd.c.obj
                0x10005998                usbd_edpt_stall
 .text.usbd_edpt_clear_stall
                0x100059e0       0x48 CMakeFiles/main.dir/C_/Program_Files/Raspberry_Pi/Pico_SDK_v1.5.1/pico-sdk/lib/tinyusb/src/device/usbd.c.obj
                0x100059e0                usbd_edpt_clear_stall
 .text.usbd_edpt_stalled
                0x10005a28       0x1c CMakeFiles/main.dir/C_/Program_Files/Raspberry_Pi/Pico_SDK_v1.5.1/pico-sdk/lib/tinyusb/src/device/usbd.c.obj
                0x10005a28                usbd_edpt_stalled
 .text.process_control_request
                0x10005a44      0x37c CMakeFiles/main.dir/C_/Program_Files/Raspberry_Pi/Pico_SDK_v1.5.1/pico-sdk/lib/tinyusb/src/device/usbd.c.obj
 .text.tud_task_ext
                0x10005dc0      0x1b8 CMakeFiles/main.dir/C_/Program_Files/Raspberry_Pi/Pico_SDK_v1.5.1/pico-sdk/lib/tinyusb/src/device/usbd.c.obj
                0x10005dc0                tud_task_ext
 .text._data_stage_xact
                0x10005f78       0x58 CMakeFiles/main.dir/C_/Program_Files/Raspberry_Pi/Pico_SDK_v1.5.1/pico-sdk/lib/tinyusb/src/device/usbd_control.c.obj
 .text.tud_control_status
                0x10005fd0       0x38 CMakeFiles/main.dir/C_/Program_Files/Raspberry_Pi/Pico_SDK_v1.5.1/pico-sdk/lib/tinyusb/src/device/usbd_control.c.obj
                0x10005fd0                tud_control_status
 .text.tud_control_xfer
                0x10006008       0x74 CMakeFiles/main.dir/C_/Program_Files/Raspberry_Pi/Pico_SDK_v1.5.1/pico-sdk/lib/tinyusb/src/device/usbd_control.c.obj
                0x10006008                tud_control_xfer
 .text.usbd_control_reset
                0x1000607c       0x14 CMakeFiles/main.dir/C_/Program_Files/Raspberry_Pi/Pico_SDK_v1.5.1/pico-sdk/lib/tinyusb/src/device/usbd_control.c.obj
                0x1000607c                usbd_control_reset
 .text.usbd_control_set_complete_callback
                0x10006090        0xc CMakeFiles/main.dir/C_/Program_Files/Raspberry_Pi/Pico_SDK_v1.5.1/pico-sdk/lib/tinyusb/src/device/usbd_control.c.obj
                0x10006090                usbd_control_set_complete_callback
 .text.usbd_control_set_request
                0x1000609c       0x1c CMakeFiles/main.dir/C_/Program_Files/Raspberry_Pi/Pico_SDK_v1.5.1/pico-sdk/lib/tinyusb/src/device/usbd_control.c.obj
                0x1000609c                usbd_control_set_request
 .text.usbd_control_xfer_cb
                0x100060b8       0xcc CMakeFiles/main.dir/C_/Program_Files/Raspberry_Pi/Pico_SDK_v1.5.1/pico-sdk/lib/tinyusb/src/device/usbd_control.c.obj
                0x100060b8                usbd_control_xfer_cb
 .text._prep_out_transaction
                0x10006184       0x4a CMakeFiles/main.dir/C_/Program_Files/Raspberry_Pi/Pico_SDK_v1.5.1/pico-sdk/lib/tinyusb/src/class/cdc/cdc_device.c.obj
 *fill*         0x100061ce        0x2 
 .text.tud_cdc_n_connected
                0x100061d0       0x44 CMakeFiles/main.dir/C_/Program_Files/Raspberry_Pi/Pico_SDK_v1.5.1/pico-sdk/lib/tinyusb/src/class/cdc/cdc_device.c.obj
                0x100061d0                tud_cdc_n_connected
 .text.tud_cdc_n_available
                0x10006214       0x18 CMakeFiles/main.dir/C_/Program_Files/Raspberry_Pi/Pico_SDK_v1.5.1/pico-sdk/lib/tinyusb/src/class/cdc/cdc_device.c.obj
                0x10006214                tud_cdc_n_available
 .text.tud_cdc_n_read
                0x1000622c       0x28 CMakeFiles/main.dir/C_/Program_Files/Raspberry_Pi/Pico_SDK_v1.5.1/pico-sdk/lib/tinyusb/src/class/cdc/cdc_device.c.obj
                0x1000622c                tud_cdc_n_read
 .text.tud_cdc_n_write_flush
                0x10006254       0xb8 CMakeFiles/main.dir/C_/Program_Files/Raspberry_Pi/Pico_SDK_v1.5.1/pico-sdk/lib/tinyusb/src/class/cdc/cdc_device.c.obj
                0x10006254                tud_cdc_n_write_flush
 .text.tud_cdc_n_write
                0x1000630c       0x38 CMakeFiles/main.dir/C_/Program_Files/Raspberry_Pi/Pico_SDK_v1.5.1/pico-sdk/lib/tinyusb/src/class/cdc/cdc_device.c.obj
                0x1000630c                tud_cdc_n_write
 .text.tud_cdc_n_write_available
                0x10006344       0x1c CMakeFiles/main.dir/C_/Program_Files/Raspberry_Pi/Pico_SDK_v1.5.1/pico-sdk/lib/tinyusb/src/class/cdc/cdc_device.c.obj
                0x10006344                tud_cdc_n_write_available
 .text.cdcd_init
                0x10006360       0xbc CMakeFiles/main.dir/C_/Program_Files/Raspberry_Pi/Pico_SDK_v1.5.1/pico-sdk/lib/tinyusb/src/class/cdc/cdc_device.c.obj
                0x10006360                cdcd_init
 .text.cdcd_reset
                0x1000641c       0x44 CMakeFiles/main.dir/C_/Program_Files/Raspberry_Pi/Pico_SDK_v1.5.1/pico-sdk/lib/tinyusb/src/class/cdc/cdc_device.c.obj
                0x1000641c                cdcd_reset
 .text.cdcd_open
                0x10006460       0xcc CMakeFiles/main.dir/C_/Program_Files/Raspberry_Pi/Pico_SDK_v1.5.1/pico-sdk/lib/tinyusb/src/class/cdc/cdc_device.c.obj
                0x10006460                cdcd_open
 .text.cdcd_control_xfer_cb
                0x1000652c      0x134 CMakeFiles/main.dir/C_/Program_Files/Raspberry_Pi/Pico_SDK_v1.5.1/pico-sdk/lib/tinyusb/src/class/cdc/cdc_device.c.obj
                0x1000652c                cdcd_control_xfer_cb
 .text.cdcd_xfer_cb
                0x10006660      0x130 CMakeFiles/main.dir/C_/Program_Files/Raspberry_Pi/Pico_SDK_v1.5.1/pico-sdk/lib/tinyusb/src/class/cdc/cdc_device.c.obj
                0x10006660                cdcd_xfer_cb
 .text.tusb_init
                0x10006790        0xa CMakeFiles/main.dir/C_/Program_Files/Raspberry_Pi/Pico_SDK_v1.5.1/pico-sdk/lib/tinyusb/src/tusb.c.obj
                0x10006790                tusb_init
 .text.tusb_inited
                0x1000679a        0xe CMakeFiles/main.dir/C_/Program_Files/Raspberry_Pi/Pico_SDK_v1.5.1/pico-sdk/lib/tinyusb/src/tusb.c.obj
                0x1000679a                tusb_inited
 .text.tu_edpt_claim
                0x100067a8       0x50 CMakeFiles/main.dir/C_/Program_Files/Raspberry_Pi/Pico_SDK_v1.5.1/pico-sdk/lib/tinyusb/src/tusb.c.obj
                0x100067a8                tu_edpt_claim
 .text.tu_edpt_release
                0x100067f8       0x3c CMakeFiles/main.dir/C_/Program_Files/Raspberry_Pi/Pico_SDK_v1.5.1/pico-sdk/lib/tinyusb/src/tusb.c.obj
                0x100067f8                tu_edpt_release
 .text.tu_edpt_validate
                0x10006834       0x78 CMakeFiles/main.dir/C_/Program_Files/Raspberry_Pi/Pico_SDK_v1.5.1/pico-sdk/lib/tinyusb/src/tusb.c.obj
                0x10006834                tu_edpt_validate
 .text.tu_edpt_bind_driver
                0x100068ac       0x26 CMakeFiles/main.dir/C_/Program_Files/Raspberry_Pi/Pico_SDK_v1.5.1/pico-sdk/lib/tinyusb/src/tusb.c.obj
                0x100068ac                tu_edpt_bind_driver
 .text.advance_index
                0x100068d2       0x1a CMakeFiles/main.dir/C_/Program_Files/Raspberry_Pi/Pico_SDK_v1.5.1/pico-sdk/lib/tinyusb/src/common/tusb_fifo.c.obj
 .text._tu_fifo_peek
                0x100068ec       0x56 CMakeFiles/main.dir/C_/Program_Files/Raspberry_Pi/Pico_SDK_v1.5.1/pico-sdk/lib/tinyusb/src/common/tusb_fifo.c.obj
 .text._ff_pull_const_addr
                0x10006942       0x4c CMakeFiles/main.dir/C_/Program_Files/Raspberry_Pi/Pico_SDK_v1.5.1/pico-sdk/lib/tinyusb/src/common/tusb_fifo.c.obj
 .text._ff_pull_n
                0x1000698e      0x110 CMakeFiles/main.dir/C_/Program_Files/Raspberry_Pi/Pico_SDK_v1.5.1/pico-sdk/lib/tinyusb/src/common/tusb_fifo.c.obj
 .text._tu_fifo_peek_n
                0x10006a9e       0x6a CMakeFiles/main.dir/C_/Program_Files/Raspberry_Pi/Pico_SDK_v1.5.1/pico-sdk/lib/tinyusb/src/common/tusb_fifo.c.obj
 .text._tu_fifo_read_n
                0x10006b08       0x4e CMakeFiles/main.dir/C_/Program_Files/Raspberry_Pi/Pico_SDK_v1.5.1/pico-sdk/lib/tinyusb/src/common/tusb_fifo.c.obj
 .text._ff_push_const_addr
                0x10006b56       0x40 CMakeFiles/main.dir/C_/Program_Files/Raspberry_Pi/Pico_SDK_v1.5.1/pico-sdk/lib/tinyusb/src/common/tusb_fifo.c.obj
 .text._ff_push_n
                0x10006b96      0x10c CMakeFiles/main.dir/C_/Program_Files/Raspberry_Pi/Pico_SDK_v1.5.1/pico-sdk/lib/tinyusb/src/common/tusb_fifo.c.obj
 .text._tu_fifo_write_n
                0x10006ca2       0xf0 CMakeFiles/main.dir/C_/Program_Files/Raspberry_Pi/Pico_SDK_v1.5.1/pico-sdk/lib/tinyusb/src/common/tusb_fifo.c.obj
 .text.tu_fifo_config
                0x10006d92       0x7c CMakeFiles/main.dir/C_/Program_Files/Raspberry_Pi/Pico_SDK_v1.5.1/pico-sdk/lib/tinyusb/src/common/tusb_fifo.c.obj
                0x10006d92                tu_fifo_config
 .text.tu_fifo_count
                0x10006e0e       0x2a CMakeFiles/main.dir/C_/Program_Files/Raspberry_Pi/Pico_SDK_v1.5.1/pico-sdk/lib/tinyusb/src/common/tusb_fifo.c.obj
                0x10006e0e                tu_fifo_count
 .text.tu_fifo_empty
                0x10006e38       0x10 CMakeFiles/main.dir/C_/Program_Files/Raspberry_Pi/Pico_SDK_v1.5.1/pico-sdk/lib/tinyusb/src/common/tusb_fifo.c.obj
                0x10006e38                tu_fifo_empty
 .text.tu_fifo_full
                0x10006e48       0x28 CMakeFiles/main.dir/C_/Program_Files/Raspberry_Pi/Pico_SDK_v1.5.1/pico-sdk/lib/tinyusb/src/common/tusb_fifo.c.obj
                0x10006e48                tu_fifo_full
 .text.tu_fifo_remaining
                0x10006e70       0x2c CMakeFiles/main.dir/C_/Program_Files/Raspberry_Pi/Pico_SDK_v1.5.1/pico-sdk/lib/tinyusb/src/common/tusb_fifo.c.obj
                0x10006e70                tu_fifo_remaining
 .text.tu_fifo_read
                0x10006e9c       0x42 CMakeFiles/main.dir/C_/Program_Files/Raspberry_Pi/Pico_SDK_v1.5.1/pico-sdk/lib/tinyusb/src/common/tusb_fifo.c.obj
                0x10006e9c                tu_fifo_read
 .text.tu_fifo_read_n
                0x10006ede        0xa CMakeFiles/main.dir/C_/Program_Files/Raspberry_Pi/Pico_SDK_v1.5.1/pico-sdk/lib/tinyusb/src/common/tusb_fifo.c.obj
                0x10006ede                tu_fifo_read_n
 .text.tu_fifo_write
                0x10006ee8       0x64 CMakeFiles/main.dir/C_/Program_Files/Raspberry_Pi/Pico_SDK_v1.5.1/pico-sdk/lib/tinyusb/src/common/tusb_fifo.c.obj
                0x10006ee8                tu_fifo_write
 .text.tu_fifo_write_n
                0x10006f4c        0xa CMakeFiles/main.dir/C_/Program_Files/Raspberry_Pi/Pico_SDK_v1.5.1/pico-sdk/lib/tinyusb/src/common/tusb_fifo.c.obj
                0x10006f4c                tu_fifo_write_n
 .text.tu_fifo_clear
                0x10006f56       0x3e CMakeFiles/main.dir/C_/Program_Files/Raspberry_Pi/Pico_SDK_v1.5.1/pico-sdk/lib/tinyusb/src/common/tusb_fifo.c.obj
                0x10006f56                tu_fifo_clear
 .text.tu_fifo_set_overwritable
                0x10006f94       0x46 CMakeFiles/main.dir/C_/Program_Files/Raspberry_Pi/Pico_SDK_v1.5.1/pico-sdk/lib/tinyusb/src/common/tusb_fifo.c.obj
                0x10006f94                tu_fifo_set_overwritable
 *fill*         0x10006fda        0x2 
 .text._calloc_r
                0x10006fdc       0x9c c:/progra~1/raspbe~1/picosd~1.1/gcc-ar~1/bin/../lib/gcc/arm-none-eabi/10.3.1/../../../../arm-none-eabi/lib/thumb/v6-m/nofp\libg.a(lib_a-callocr.o)
                0x10006fdc                _calloc_r
 .text.__errno  0x10007078        0xc c:/progra~1/raspbe~1/picosd~1.1/gcc-ar~1/bin/../lib/gcc/arm-none-eabi/10.3.1/../../../../arm-none-eabi/lib/thumb/v6-m/nofp\libg.a(lib_a-errno.o)
                0x10007078                __errno
 .text.malloc   0x10007084       0x14 c:/progra~1/raspbe~1/picosd~1.1/gcc-ar~1/bin/../lib/gcc/arm-none-eabi/10.3.1/../../../../arm-none-eabi/lib/thumb/v6-m/nofp\libg.a(lib_a-malloc.o)
                0x10007084                malloc
 .text.free     0x10007098       0x14 c:/progra~1/raspbe~1/picosd~1.1/gcc-ar~1/bin/../lib/gcc/arm-none-eabi/10.3.1/../../../../arm-none-eabi/lib/thumb/v6-m/nofp\libg.a(lib_a-malloc.o)
                0x10007098                free
 .text._malloc_r
                0x100070ac      0x584 c:/progra~1/raspbe~1/picosd~1.1/gcc-ar~1/bin/../lib/gcc/arm-none-eabi/10.3.1/../../../../arm-none-eabi/lib/thumb/v6-m/nofp\libg.a(lib_a-mallocr.o)
                0x100070ac                _malloc_r
 .text.__malloc_lock
                0x10007630       0x10 c:/progra~1/raspbe~1/picosd~1.1/gcc-ar~1/bin/../lib/gcc/arm-none-eabi/10.3.1/../../../../arm-none-eabi/lib/thumb/v6-m/nofp\libg.a(lib_a-mlock.o)
                0x10007630                __malloc_lock
 .text.__malloc_unlock
                0x10007640       0x10 c:/progra~1/raspbe~1/picosd~1.1/gcc-ar~1/bin/../lib/gcc/arm-none-eabi/10.3.1/../../../../arm-none-eabi/lib/thumb/v6-m/nofp\libg.a(lib_a-mlock.o)
                0x10007640                __malloc_unlock
 .text.realloc  0x10007650       0x18 c:/progra~1/raspbe~1/picosd~1.1/gcc-ar~1/bin/../lib/gcc/arm-none-eabi/10.3.1/../../../../arm-none-eabi/lib/thumb/v6-m/nofp\libg.a(lib_a-realloc.o)
                0x10007650                realloc
 .text._realloc_r
                0x10007668      0x354 c:/progra~1/raspbe~1/picosd~1.1/gcc-ar~1/bin/../lib/gcc/arm-none-eabi/10.3.1/../../../../arm-none-eabi/lib/thumb/v6-m/nofp\libg.a(lib_a-reallocr.o)
                0x10007668                _realloc_r
 .text._sbrk_r  0x100079bc       0x24 c:/progra~1/raspbe~1/picosd~1.1/gcc-ar~1/bin/../lib/gcc/arm-none-eabi/10.3.1/../../../../arm-none-eabi/lib/thumb/v6-m/nofp\libg.a(lib_a-sbrkr.o)
                0x100079bc                _sbrk_r
 .text.scanf    0x100079e0       0x24 c:/progra~1/raspbe~1/picosd~1.1/gcc-ar~1/bin/../lib/gcc/arm-none-eabi/10.3.1/../../../../arm-none-eabi/lib/thumb/v6-m/nofp\libg.a(lib_a-scanf.o)
                0x100079e0                scanf
 .text.strlen   0x10007a04       0x5c c:/progra~1/raspbe~1/picosd~1.1/gcc-ar~1/bin/../lib/gcc/arm-none-eabi/10.3.1/../../../../arm-none-eabi/lib/thumb/v6-m/nofp\libg.a(lib_a-strlen-stub.o)
                0x10007a04                strlen
 .text.__svfscanf_r
                0x10007a60     0x17d8 c:/progra~1/raspbe~1/picosd~1.1/gcc-ar~1/bin/../lib/gcc/arm-none-eabi/10.3.1/../../../../arm-none-eabi/lib/thumb/v6-m/nofp\libg.a(lib_a-vfscanf.o)
                0x10007a60                __svfscanf_r
 .text._vfscanf_r
                0x10009238       0x28 c:/progra~1/raspbe~1/picosd~1.1/gcc-ar~1/bin/../lib/gcc/arm-none-eabi/10.3.1/../../../../arm-none-eabi/lib/thumb/v6-m/nofp\libg.a(lib_a-vfscanf.o)
                0x10009238                _vfscanf_r
 .text._cleanup_r
                0x10009260       0x10 c:/progra~1/raspbe~1/picosd~1.1/gcc-ar~1/bin/../lib/gcc/arm-none-eabi/10.3.1/../../../../arm-none-eabi/lib/thumb/v6-m/nofp\libg.a(lib_a-findfp.o)
                0x10009260                _cleanup_r
 .text.__sinit  0x10009270      0x120 c:/progra~1/raspbe~1/picosd~1.1/gcc-ar~1/bin/../lib/gcc/arm-none-eabi/10.3.1/../../../../arm-none-eabi/lib/thumb/v6-m/nofp\libg.a(lib_a-findfp.o)
                0x10009270                __sinit
 .text.__sfp_lock_acquire
                0x10009390       0x10 c:/progra~1/raspbe~1/picosd~1.1/gcc-ar~1/bin/../lib/gcc/arm-none-eabi/10.3.1/../../../../arm-none-eabi/lib/thumb/v6-m/nofp\libg.a(lib_a-findfp.o)
                0x10009390                __sfp_lock_acquire
 .text.__sfp_lock_release
                0x100093a0       0x10 c:/progra~1/raspbe~1/picosd~1.1/gcc-ar~1/bin/../lib/gcc/arm-none-eabi/10.3.1/../../../../arm-none-eabi/lib/thumb/v6-m/nofp\libg.a(lib_a-findfp.o)
                0x100093a0                __sfp_lock_release
 .text._fread_r
                0x100093b0      0x1bc c:/progra~1/raspbe~1/picosd~1.1/gcc-ar~1/bin/../lib/gcc/arm-none-eabi/10.3.1/../../../../arm-none-eabi/lib/thumb/v6-m/nofp\libg.a(lib_a-fread.o)
                0x100093b0                _fread_r
 .text._malloc_trim_r
                0x1000956c       0x9c c:/progra~1/raspbe~1/picosd~1.1/gcc-ar~1/bin/../lib/gcc/arm-none-eabi/10.3.1/../../../../arm-none-eabi/lib/thumb/v6-m/nofp\libg.a(lib_a-freer.o)
                0x1000956c                _malloc_trim_r
 .text._free_r  0x10009608      0x1c4 c:/progra~1/raspbe~1/picosd~1.1/gcc-ar~1/bin/../lib/gcc/arm-none-eabi/10.3.1/../../../../arm-none-eabi/lib/thumb/v6-m/nofp\libg.a(lib_a-freer.o)
                0x10009608                _free_r
 .text._fwalk   0x100097cc       0x40 c:/progra~1/raspbe~1/picosd~1.1/gcc-ar~1/bin/../lib/gcc/arm-none-eabi/10.3.1/../../../../arm-none-eabi/lib/thumb/v6-m/nofp\libg.a(lib_a-fwalk.o)
                0x100097cc                _fwalk
 .text._fwalk_reent
                0x1000980c       0x48 c:/progra~1/raspbe~1/picosd~1.1/gcc-ar~1/bin/../lib/gcc/arm-none-eabi/10.3.1/../../../../arm-none-eabi/lib/thumb/v6-m/nofp\libg.a(lib_a-fwalk.o)
                0x1000980c                _fwalk_reent
 .text.iswspace
                0x10009854        0xc c:/progra~1/raspbe~1/picosd~1.1/gcc-ar~1/bin/../lib/gcc/arm-none-eabi/10.3.1/../../../../arm-none-eabi/lib/thumb/v6-m/nofp\libg.a(lib_a-iswspace.o)
                0x10009854                iswspace
 .text.iswspace_l
                0x10009860       0x18 c:/progra~1/raspbe~1/picosd~1.1/gcc-ar~1/bin/../lib/gcc/arm-none-eabi/10.3.1/../../../../arm-none-eabi/lib/thumb/v6-m/nofp\libg.a(lib_a-iswspace_l.o)
                0x10009860                iswspace_l
 .text.__locale_mb_cur_max
                0x10009878       0x10 c:/progra~1/raspbe~1/picosd~1.1/gcc-ar~1/bin/../lib/gcc/arm-none-eabi/10.3.1/../../../../arm-none-eabi/lib/thumb/v6-m/nofp\libg.a(lib_a-locale.o)
                0x10009878                __locale_mb_cur_max
 .text._localeconv_r
                0x10009888        0x8 c:/progra~1/raspbe~1/picosd~1.1/gcc-ar~1/bin/../lib/gcc/arm-none-eabi/10.3.1/../../../../arm-none-eabi/lib/thumb/v6-m/nofp\libg.a(lib_a-localeconv.o)
                0x10009888                _localeconv_r
 .text.__retarget_lock_init_recursive
                0x10009890        0x4 c:/progra~1/raspbe~1/picosd~1.1/gcc-ar~1/bin/../lib/gcc/arm-none-eabi/10.3.1/../../../../arm-none-eabi/lib/thumb/v6-m/nofp\libg.a(lib_a-lock.o)
                0x10009890                __retarget_lock_init_recursive
 .text.__retarget_lock_close_recursive
                0x10009894        0x4 c:/progra~1/raspbe~1/picosd~1.1/gcc-ar~1/bin/../lib/gcc/arm-none-eabi/10.3.1/../../../../arm-none-eabi/lib/thumb/v6-m/nofp\libg.a(lib_a-lock.o)
                0x10009894                __retarget_lock_close_recursive
 .text.__retarget_lock_acquire_recursive
                0x10009898        0x4 c:/progra~1/raspbe~1/picosd~1.1/gcc-ar~1/bin/../lib/gcc/arm-none-eabi/10.3.1/../../../../arm-none-eabi/lib/thumb/v6-m/nofp\libg.a(lib_a-lock.o)
                0x10009898                __retarget_lock_acquire_recursive
 .text.__retarget_lock_release_recursive
                0x1000989c        0x4 c:/progra~1/raspbe~1/picosd~1.1/gcc-ar~1/bin/../lib/gcc/arm-none-eabi/10.3.1/../../../../arm-none-eabi/lib/thumb/v6-m/nofp\libg.a(lib_a-lock.o)
                0x1000989c                __retarget_lock_release_recursive
 .text._mbrtowc_r
                0x100098a0       0x4c c:/progra~1/raspbe~1/picosd~1.1/gcc-ar~1/bin/../lib/gcc/arm-none-eabi/10.3.1/../../../../arm-none-eabi/lib/thumb/v6-m/nofp\libg.a(lib_a-mbrtowc.o)
                0x100098a0                _mbrtowc_r
 .text.__ascii_mbtowc
                0x100098ec       0x2c c:/progra~1/raspbe~1/picosd~1.1/gcc-ar~1/bin/../lib/gcc/arm-none-eabi/10.3.1/../../../../arm-none-eabi/lib/thumb/v6-m/nofp\libg.a(lib_a-mbtowc_r.o)
                0x100098ec                __ascii_mbtowc
 .text.memmove  0x10009918       0xac c:/progra~1/raspbe~1/picosd~1.1/gcc-ar~1/bin/../lib/gcc/arm-none-eabi/10.3.1/../../../../arm-none-eabi/lib/thumb/v6-m/nofp\libg.a(lib_a-memmove.o)
                0x10009918                memmove
 .text.lflush   0x100099c4       0x1c c:/progra~1/raspbe~1/picosd~1.1/gcc-ar~1/bin/../lib/gcc/arm-none-eabi/10.3.1/../../../../arm-none-eabi/lib/thumb/v6-m/nofp\libg.a(lib_a-refill.o)
 .text.__srefill_r
                0x100099e0      0x124 c:/progra~1/raspbe~1/picosd~1.1/gcc-ar~1/bin/../lib/gcc/arm-none-eabi/10.3.1/../../../../arm-none-eabi/lib/thumb/v6-m/nofp\libg.a(lib_a-refill.o)
                0x100099e0                __srefill_r
 .text.__sccl   0x10009b04       0x80 c:/progra~1/raspbe~1/picosd~1.1/gcc-ar~1/bin/../lib/gcc/arm-none-eabi/10.3.1/../../../../arm-none-eabi/lib/thumb/v6-m/nofp\libg.a(lib_a-sccl.o)
                0x10009b04                __sccl
 .text.nanf     0x10009b84        0x8 c:/progra~1/raspbe~1/picosd~1.1/gcc-ar~1/bin/../lib/gcc/arm-none-eabi/10.3.1/../../../../arm-none-eabi/lib/thumb/v6-m/nofp\libg.a(lib_a-sf_nan.o)
                0x10009b84                nanf
 .text.__sread  0x10009b8c       0x28 c:/progra~1/raspbe~1/picosd~1.1/gcc-ar~1/bin/../lib/gcc/arm-none-eabi/10.3.1/../../../../arm-none-eabi/lib/thumb/v6-m/nofp\libg.a(lib_a-stdio.o)
                0x10009b8c                __sread
 .text.__swrite
                0x10009bb4       0x40 c:/progra~1/raspbe~1/picosd~1.1/gcc-ar~1/bin/../lib/gcc/arm-none-eabi/10.3.1/../../../../arm-none-eabi/lib/thumb/v6-m/nofp\libg.a(lib_a-stdio.o)
                0x10009bb4                __swrite
 .text.__sseek  0x10009bf4       0x2c c:/progra~1/raspbe~1/picosd~1.1/gcc-ar~1/bin/../lib/gcc/arm-none-eabi/10.3.1/../../../../arm-none-eabi/lib/thumb/v6-m/nofp\libg.a(lib_a-stdio.o)
                0x10009bf4                __sseek
 .text.__sclose
                0x10009c20        0xc c:/progra~1/raspbe~1/picosd~1.1/gcc-ar~1/bin/../lib/gcc/arm-none-eabi/10.3.1/../../../../arm-none-eabi/lib/thumb/v6-m/nofp\libg.a(lib_a-stdio.o)
                0x10009c20                __sclose
 .text._strtod_l
                0x10009c2c      0xf78 c:/progra~1/raspbe~1/picosd~1.1/gcc-ar~1/bin/../lib/gcc/arm-none-eabi/10.3.1/../../../../arm-none-eabi/lib/thumb/v6-m/nofp\libg.a(lib_a-strtod.o)
                0x10009c2c                _strtod_l
 .text._strtod_r
                0x1000aba4       0x10 c:/progra~1/raspbe~1/picosd~1.1/gcc-ar~1/bin/../lib/gcc/arm-none-eabi/10.3.1/../../../../arm-none-eabi/lib/thumb/v6-m/nofp\libg.a(lib_a-strtod.o)
                0x1000aba4                _strtod_r
 .text._strtol_l.part.0
                0x1000abb4      0x144 c:/progra~1/raspbe~1/picosd~1.1/gcc-ar~1/bin/../lib/gcc/arm-none-eabi/10.3.1/../../../../arm-none-eabi/lib/thumb/v6-m/nofp\libg.a(lib_a-strtol.o)
 .text._strtol_r
                0x1000acf8       0x1c c:/progra~1/raspbe~1/picosd~1.1/gcc-ar~1/bin/../lib/gcc/arm-none-eabi/10.3.1/../../../../arm-none-eabi/lib/thumb/v6-m/nofp\libg.a(lib_a-strtol.o)
                0x1000acf8                _strtol_r
 .text._strtoll_l.constprop.0
                0x1000ad14      0x198 c:/progra~1/raspbe~1/picosd~1.1/gcc-ar~1/bin/../lib/gcc/arm-none-eabi/10.3.1/../../../../arm-none-eabi/lib/thumb/v6-m/nofp\libg.a(lib_a-strtoll.o)
 .text._strtoll_r
                0x1000aeac        0x8 c:/progra~1/raspbe~1/picosd~1.1/gcc-ar~1/bin/../lib/gcc/arm-none-eabi/10.3.1/../../../../arm-none-eabi/lib/thumb/v6-m/nofp\libg.a(lib_a-strtoll.o)
                0x1000aeac                _strtoll_r
 .text._strtoul_l.constprop.0
                0x1000aeb4      0x148 c:/progra~1/raspbe~1/picosd~1.1/gcc-ar~1/bin/../lib/gcc/arm-none-eabi/10.3.1/../../../../arm-none-eabi/lib/thumb/v6-m/nofp\libg.a(lib_a-strtoul.o)
 .text._strtoul_r
                0x1000affc        0x8 c:/progra~1/raspbe~1/picosd~1.1/gcc-ar~1/bin/../lib/gcc/arm-none-eabi/10.3.1/../../../../arm-none-eabi/lib/thumb/v6-m/nofp\libg.a(lib_a-strtoul.o)
                0x1000affc                _strtoul_r
 .text._strtoull_l.constprop.0
                0x1000b004      0x1bc c:/progra~1/raspbe~1/picosd~1.1/gcc-ar~1/bin/../lib/gcc/arm-none-eabi/10.3.1/../../../../arm-none-eabi/lib/thumb/v6-m/nofp\libg.a(lib_a-strtoull.o)
 .text._strtoull_r
                0x1000b1c0        0x8 c:/progra~1/raspbe~1/picosd~1.1/gcc-ar~1/bin/../lib/gcc/arm-none-eabi/10.3.1/../../../../arm-none-eabi/lib/thumb/v6-m/nofp\libg.a(lib_a-strtoull.o)
                0x1000b1c0                _strtoull_r
 .text.__submore
                0x1000b1c8       0x84 c:/progra~1/raspbe~1/picosd~1.1/gcc-ar~1/bin/../lib/gcc/arm-none-eabi/10.3.1/../../../../arm-none-eabi/lib/thumb/v6-m/nofp\libg.a(lib_a-ungetc.o)
                0x1000b1c8                __submore
 .text._ungetc_r
                0x1000b24c      0x138 c:/progra~1/raspbe~1/picosd~1.1/gcc-ar~1/bin/../lib/gcc/arm-none-eabi/10.3.1/../../../../arm-none-eabi/lib/thumb/v6-m/nofp\libg.a(lib_a-ungetc.o)
                0x1000b24c                _ungetc_r
 .text.__ascii_wctomb
                0x1000b384       0x1c c:/progra~1/raspbe~1/picosd~1.1/gcc-ar~1/bin/../lib/gcc/arm-none-eabi/10.3.1/../../../../arm-none-eabi/lib/thumb/v6-m/nofp\libg.a(lib_a-wctomb_r.o)
                0x1000b384                __ascii_wctomb
 .text._write_r
                0x1000b3a0       0x28 c:/progra~1/raspbe~1/picosd~1.1/gcc-ar~1/bin/../lib/gcc/arm-none-eabi/10.3.1/../../../../arm-none-eabi/lib/thumb/v6-m/nofp\libg.a(lib_a-writer.o)
                0x1000b3a0                _write_r
 .text._close_r
                0x1000b3c8       0x24 c:/progra~1/raspbe~1/picosd~1.1/gcc-ar~1/bin/../lib/gcc/arm-none-eabi/10.3.1/../../../../arm-none-eabi/lib/thumb/v6-m/nofp\libg.a(lib_a-closer.o)
                0x1000b3c8                _close_r
 .text._fclose_r
                0x1000b3ec       0xdc c:/progra~1/raspbe~1/picosd~1.1/gcc-ar~1/bin/../lib/gcc/arm-none-eabi/10.3.1/../../../../arm-none-eabi/lib/thumb/v6-m/nofp\libg.a(lib_a-fclose.o)
                0x1000b3ec                _fclose_r
 .text.__sflush_r
                0x1000b4c8      0x140 c:/progra~1/raspbe~1/picosd~1.1/gcc-ar~1/bin/../lib/gcc/arm-none-eabi/10.3.1/../../../../arm-none-eabi/lib/thumb/v6-m/nofp\libg.a(lib_a-fflush.o)
                0x1000b4c8                __sflush_r
 .text._fflush_r
                0x1000b608       0x6c c:/progra~1/raspbe~1/picosd~1.1/gcc-ar~1/bin/../lib/gcc/arm-none-eabi/10.3.1/../../../../arm-none-eabi/lib/thumb/v6-m/nofp\libg.a(lib_a-fflush.o)
                0x1000b608                _fflush_r
 .text.fflush   0x1000b674       0x78 c:/progra~1/raspbe~1/picosd~1.1/gcc-ar~1/bin/../lib/gcc/arm-none-eabi/10.3.1/../../../../arm-none-eabi/lib/thumb/v6-m/nofp\libg.a(lib_a-fflush.o)
                0x1000b674                fflush
 .text.rshift   0x1000b6ec       0xa4 c:/progra~1/raspbe~1/picosd~1.1/gcc-ar~1/bin/../lib/gcc/arm-none-eabi/10.3.1/../../../../arm-none-eabi/lib/thumb/v6-m/nofp\libg.a(lib_a-gdtoa-gethex.o)
 .text.__gethex
                0x1000b790      0x5cc c:/progra~1/raspbe~1/picosd~1.1/gcc-ar~1/bin/../lib/gcc/arm-none-eabi/10.3.1/../../../../arm-none-eabi/lib/thumb/v6-m/nofp\libg.a(lib_a-gdtoa-gethex.o)
                0x1000b790                __gethex
 .text.__match  0x1000bd5c       0x2c c:/progra~1/raspbe~1/picosd~1.1/gcc-ar~1/bin/../lib/gcc/arm-none-eabi/10.3.1/../../../../arm-none-eabi/lib/thumb/v6-m/nofp\libg.a(lib_a-gdtoa-hexnan.o)
                0x1000bd5c                __match
 .text.__hexnan
                0x1000bd88      0x1d0 c:/progra~1/raspbe~1/picosd~1.1/gcc-ar~1/bin/../lib/gcc/arm-none-eabi/10.3.1/../../../../arm-none-eabi/lib/thumb/v6-m/nofp\libg.a(lib_a-gdtoa-hexnan.o)
                0x1000bd88                __hexnan
 .text._lseek_r
                0x1000bf58       0x28 c:/progra~1/raspbe~1/picosd~1.1/gcc-ar~1/bin/../lib/gcc/arm-none-eabi/10.3.1/../../../../arm-none-eabi/lib/thumb/v6-m/nofp\libg.a(lib_a-lseekr.o)
                0x1000bf58                _lseek_r
 .text.__smakebuf_r
                0x1000bf80       0xe4 c:/progra~1/raspbe~1/picosd~1.1/gcc-ar~1/bin/../lib/gcc/arm-none-eabi/10.3.1/../../../../arm-none-eabi/lib/thumb/v6-m/nofp\libg.a(lib_a-makebuf.o)
                0x1000bf80                __smakebuf_r
 .text._Balloc  0x1000c064       0x50 c:/progra~1/raspbe~1/picosd~1.1/gcc-ar~1/bin/../lib/gcc/arm-none-eabi/10.3.1/../../../../arm-none-eabi/lib/thumb/v6-m/nofp\libg.a(lib_a-mprec.o)
                0x1000c064                _Balloc
 .text._Bfree   0x1000c0b4       0x14 c:/progra~1/raspbe~1/picosd~1.1/gcc-ar~1/bin/../lib/gcc/arm-none-eabi/10.3.1/../../../../arm-none-eabi/lib/thumb/v6-m/nofp\libg.a(lib_a-mprec.o)
                0x1000c0b4                _Bfree
 .text.__multadd
                0x1000c0c8       0xa8 c:/progra~1/raspbe~1/picosd~1.1/gcc-ar~1/bin/../lib/gcc/arm-none-eabi/10.3.1/../../../../arm-none-eabi/lib/thumb/v6-m/nofp\libg.a(lib_a-mprec.o)
                0x1000c0c8                __multadd
 .text.__s2b    0x1000c170       0xb0 c:/progra~1/raspbe~1/picosd~1.1/gcc-ar~1/bin/../lib/gcc/arm-none-eabi/10.3.1/../../../../arm-none-eabi/lib/thumb/v6-m/nofp\libg.a(lib_a-mprec.o)
                0x1000c170                __s2b
 .text.__hi0bits
                0x1000c220       0x38 c:/progra~1/raspbe~1/picosd~1.1/gcc-ar~1/bin/../lib/gcc/arm-none-eabi/10.3.1/../../../../arm-none-eabi/lib/thumb/v6-m/nofp\libg.a(lib_a-mprec.o)
                0x1000c220                __hi0bits
 .text.__lo0bits
                0x1000c258       0x5c c:/progra~1/raspbe~1/picosd~1.1/gcc-ar~1/bin/../lib/gcc/arm-none-eabi/10.3.1/../../../../arm-none-eabi/lib/thumb/v6-m/nofp\libg.a(lib_a-mprec.o)
                0x1000c258                __lo0bits
 .text.__i2b    0x1000c2b4       0x60 c:/progra~1/raspbe~1/picosd~1.1/gcc-ar~1/bin/../lib/gcc/arm-none-eabi/10.3.1/../../../../arm-none-eabi/lib/thumb/v6-m/nofp\libg.a(lib_a-mprec.o)
                0x1000c2b4                __i2b
 .text.__multiply
                0x1000c314      0x1a4 c:/progra~1/raspbe~1/picosd~1.1/gcc-ar~1/bin/../lib/gcc/arm-none-eabi/10.3.1/../../../../arm-none-eabi/lib/thumb/v6-m/nofp\libg.a(lib_a-mprec.o)
                0x1000c314                __multiply
 .text.__pow5mult
                0x1000c4b8       0xd8 c:/progra~1/raspbe~1/picosd~1.1/gcc-ar~1/bin/../lib/gcc/arm-none-eabi/10.3.1/../../../../arm-none-eabi/lib/thumb/v6-m/nofp\libg.a(lib_a-mprec.o)
                0x1000c4b8                __pow5mult
 .text.__lshift
                0x1000c590       0xfc c:/progra~1/raspbe~1/picosd~1.1/gcc-ar~1/bin/../lib/gcc/arm-none-eabi/10.3.1/../../../../arm-none-eabi/lib/thumb/v6-m/nofp\libg.a(lib_a-mprec.o)
                0x1000c590                __lshift
 .text.__mcmp   0x1000c68c       0x34 c:/progra~1/raspbe~1/picosd~1.1/gcc-ar~1/bin/../lib/gcc/arm-none-eabi/10.3.1/../../../../arm-none-eabi/lib/thumb/v6-m/nofp\libg.a(lib_a-mprec.o)
                0x1000c68c                __mcmp
 .text.__mdiff  0x1000c6c0      0x18c c:/progra~1/raspbe~1/picosd~1.1/gcc-ar~1/bin/../lib/gcc/arm-none-eabi/10.3.1/../../../../arm-none-eabi/lib/thumb/v6-m/nofp\libg.a(lib_a-mprec.o)
                0x1000c6c0                __mdiff
 .text.__ulp    0x1000c84c       0x48 c:/progra~1/raspbe~1/picosd~1.1/gcc-ar~1/bin/../lib/gcc/arm-none-eabi/10.3.1/../../../../arm-none-eabi/lib/thumb/v6-m/nofp\libg.a(lib_a-mprec.o)
                0x1000c84c                __ulp
 .text.__b2d    0x1000c894       0xc8 c:/progra~1/raspbe~1/picosd~1.1/gcc-ar~1/bin/../lib/gcc/arm-none-eabi/10.3.1/../../../../arm-none-eabi/lib/thumb/v6-m/nofp\libg.a(lib_a-mprec.o)
                0x1000c894                __b2d
 .text.__d2b    0x1000c95c       0xd8 c:/progra~1/raspbe~1/picosd~1.1/gcc-ar~1/bin/../lib/gcc/arm-none-eabi/10.3.1/../../../../arm-none-eabi/lib/thumb/v6-m/nofp\libg.a(lib_a-mprec.o)
                0x1000c95c                __d2b
 .text.__ratio  0x1000ca34       0x68 c:/progra~1/raspbe~1/picosd~1.1/gcc-ar~1/bin/../lib/gcc/arm-none-eabi/10.3.1/../../../../arm-none-eabi/lib/thumb/v6-m/nofp\libg.a(lib_a-mprec.o)
                0x1000ca34                __ratio
 .text.__copybits
                0x1000ca9c       0x40 c:/progra~1/raspbe~1/picosd~1.1/gcc-ar~1/bin/../lib/gcc/arm-none-eabi/10.3.1/../../../../arm-none-eabi/lib/thumb/v6-m/nofp\libg.a(lib_a-mprec.o)
                0x1000ca9c                __copybits
 .text.__any_on
                0x1000cadc       0x50 c:/progra~1/raspbe~1/picosd~1.1/gcc-ar~1/bin/../lib/gcc/arm-none-eabi/10.3.1/../../../../arm-none-eabi/lib/thumb/v6-m/nofp\libg.a(lib_a-mprec.o)
                0x1000cadc                __any_on
 .text._read_r  0x1000cb2c       0x28 c:/progra~1/raspbe~1/picosd~1.1/gcc-ar~1/bin/../lib/gcc/arm-none-eabi/10.3.1/../../../../arm-none-eabi/lib/thumb/v6-m/nofp\libg.a(lib_a-readr.o)
                0x1000cb2c                _read_r
 .text.nan      0x1000cb54        0xc c:/progra~1/raspbe~1/picosd~1.1/gcc-ar~1/bin/../lib/gcc/arm-none-eabi/10.3.1/../../../../arm-none-eabi/lib/thumb/v6-m/nofp\libg.a(lib_a-s_nan.o)
                0x1000cb54                nan
 .text.strncmp  0x1000cb60       0x74 c:/progra~1/raspbe~1/picosd~1.1/gcc-ar~1/bin/../lib/gcc/arm-none-eabi/10.3.1/../../../../arm-none-eabi/lib/thumb/v6-m/nofp\libg.a(lib_a-strncmp.o)
                0x1000cb60                strncmp
 .text._fstat_r
                0x1000cbd4       0x28 c:/progra~1/raspbe~1/picosd~1.1/gcc-ar~1/bin/../lib/gcc/arm-none-eabi/10.3.1/../../../../arm-none-eabi/lib/thumb/v6-m/nofp\libg.a(lib_a-fstatr.o)
                0x1000cbd4                _fstat_r
 .text._isatty_r
                0x1000cbfc       0x24 c:/progra~1/raspbe~1/picosd~1.1/gcc-ar~1/bin/../lib/gcc/arm-none-eabi/10.3.1/../../../../arm-none-eabi/lib/thumb/v6-m/nofp\libg.a(lib_a-isattyr.o)
                0x1000cbfc                _isatty_r
 *(.fini)
 .fini          0x1000cc20        0x4 c:/progra~1/raspbe~1/picosd~1.1/gcc-ar~1/bin/../lib/gcc/arm-none-eabi/10.3.1/thumb/v6-m/nofp/crti.o
                0x1000cc20                _fini
 *fill*         0x1000cc24        0x4 
 .fini.__stub   0x1000cc28       0xe0 linker stubs
 *crtbegin.o(.ctors)
 *crtbegin?.o(.ctors)
 *(EXCLUDE_FILE(*crtend.o *crtend?.o) .ctors)
 *(SORT_BY_NAME(.ctors.*))
 *(.ctors)
 *crtbegin.o(.dtors)
 *crtbegin?.o(.dtors)
 *(EXCLUDE_FILE(*crtend.o *crtend?.o) .dtors)
 *(SORT_BY_NAME(.dtors.*))
 *(.dtors)
 *(.eh_frame*)
 .eh_frame      0x1000cd08        0x0 c:/progra~1/raspbe~1/picosd~1.1/gcc-ar~1/bin/../lib/gcc/arm-none-eabi/10.3.1/thumb/v6-m/nofp/crtbegin.o
                0x1000cd08                . = ALIGN (0x4)

.glue_7         0x1000cd08        0x0
 .glue_7        0x1000cd08        0x0 linker stubs

.glue_7t        0x1000cd08        0x0
 .glue_7t       0x1000cd08        0x0 linker stubs

.vfp11_veneer   0x1000cd08        0x0
 .vfp11_veneer  0x1000cd08        0x0 linker stubs

.v4_bx          0x1000cd08        0x0
 .v4_bx         0x1000cd08        0x0 linker stubs

.iplt           0x1000cd08        0x0
 .iplt          0x1000cd08        0x0 c:/progra~1/raspbe~1/picosd~1.1/gcc-ar~1/bin/../lib/gcc/arm-none-eabi/10.3.1/thumb/v6-m/nofp/crtbegin.o

.rodata         0x1000cd08     0x20dc
 *(EXCLUDE_FILE(*libm.a: *libc.a:*lib_a-mem*.o *libgcc.a:) .rodata*)
 .rodata.get_block.str1.4
                0x1000cd08       0x17 CMakeFiles/main.dir/main.c.obj
 *fill*         0x1000cd1f        0x1 
 .rodata.spin_lock_claim_unused.str1.4
                0x1000cd20       0x1b CMakeFiles/main.dir/C_/Program_Files/Raspberry_Pi/Pico_SDK_v1.5.1/pico-sdk/src/rp2_common/hardware_sync/sync.c.obj
 *fill*         0x1000cd3b        0x1 
 .rodata.make_branch.str1.4
                0x1000cd3c       0x89 CMakeFiles/main.dir/C_/Program_Files/Raspberry_Pi/Pico_SDK_v1.5.1/pico-sdk/src/rp2_common/hardware_irq/irq.c.obj
 *fill*         0x1000cdc5        0x3 
 .rodata.insert_branch_and_link.str1.4
                0x1000cdc8       0x10 CMakeFiles/main.dir/C_/Program_Files/Raspberry_Pi/Pico_SDK_v1.5.1/pico-sdk/src/rp2_common/hardware_irq/irq.c.obj
 .rodata.irq_set_exclusive_handler.str1.4
                0x1000cdd8       0x36 CMakeFiles/main.dir/C_/Program_Files/Raspberry_Pi/Pico_SDK_v1.5.1/pico-sdk/src/rp2_common/hardware_irq/irq.c.obj
 *fill*         0x1000ce0e        0x2 
 .rodata.irq_add_shared_handler.str1.4
                0x1000ce10       0xd9 CMakeFiles/main.dir/C_/Program_Files/Raspberry_Pi/Pico_SDK_v1.5.1/pico-sdk/src/rp2_common/hardware_irq/irq.c.obj
 *fill*         0x1000cee9        0x3 
 .rodata.irq_remove_handler.str1.4
                0x1000ceec       0x3a CMakeFiles/main.dir/C_/Program_Files/Raspberry_Pi/Pico_SDK_v1.5.1/pico-sdk/src/rp2_common/hardware_irq/irq.c.obj
 *fill*         0x1000cf26        0x2 
 .rodata.irq_add_tail_to_free_list.str1.4
                0x1000cf28       0x3a CMakeFiles/main.dir/C_/Program_Files/Raspberry_Pi/Pico_SDK_v1.5.1/pico-sdk/src/rp2_common/hardware_irq/irq.c.obj
 *fill*         0x1000cf62        0x2 
 .rodata.user_irq_claim_unused.str1.4
                0x1000cf64       0x1b CMakeFiles/main.dir/C_/Program_Files/Raspberry_Pi/Pico_SDK_v1.5.1/pico-sdk/src/rp2_common/hardware_irq/irq.c.obj
 *fill*         0x1000cf7f        0x1 
 .rodata.__func__.0
                0x1000cf80       0x1a CMakeFiles/main.dir/C_/Program_Files/Raspberry_Pi/Pico_SDK_v1.5.1/pico-sdk/src/rp2_common/hardware_irq/irq.c.obj
 *fill*         0x1000cf9a        0x2 
 .rodata.__func__.1
                0x1000cf9c       0x17 CMakeFiles/main.dir/C_/Program_Files/Raspberry_Pi/Pico_SDK_v1.5.1/pico-sdk/src/rp2_common/hardware_irq/irq.c.obj
 *fill*         0x1000cfb3        0x1 
 .rodata.__func__.2
                0x1000cfb4       0x13 CMakeFiles/main.dir/C_/Program_Files/Raspberry_Pi/Pico_SDK_v1.5.1/pico-sdk/src/rp2_common/hardware_irq/irq.c.obj
 *fill*         0x1000cfc7        0x1 
 .rodata.__func__.3
                0x1000cfc8        0xc CMakeFiles/main.dir/C_/Program_Files/Raspberry_Pi/Pico_SDK_v1.5.1/pico-sdk/src/rp2_common/hardware_irq/irq.c.obj
 .rodata.__func__.4
                0x1000cfd4        0xf CMakeFiles/main.dir/C_/Program_Files/Raspberry_Pi/Pico_SDK_v1.5.1/pico-sdk/src/rp2_common/hardware_irq/irq.c.obj
 *fill*         0x1000cfe3        0x1 
 .rodata.__func__.5
                0x1000cfe4       0x17 CMakeFiles/main.dir/C_/Program_Files/Raspberry_Pi/Pico_SDK_v1.5.1/pico-sdk/src/rp2_common/hardware_irq/irq.c.obj
 *fill*         0x1000cffb        0x1 
 .rodata.__func__.6
                0x1000cffc       0x1a CMakeFiles/main.dir/C_/Program_Files/Raspberry_Pi/Pico_SDK_v1.5.1/pico-sdk/src/rp2_common/hardware_irq/irq.c.obj
 *fill*         0x1000d016        0x2 
 .rodata.str1.4
                0x1000d018      0x125 CMakeFiles/main.dir/C_/Program_Files/Raspberry_Pi/Pico_SDK_v1.5.1/pico-sdk/src/common/pico_sync/mutex.c.obj
 *fill*         0x1000d13d        0x3 
 .rodata.__func__.1
                0x1000d140        0xb CMakeFiles/main.dir/C_/Program_Files/Raspberry_Pi/Pico_SDK_v1.5.1/pico-sdk/src/common/pico_sync/mutex.c.obj
 *fill*         0x1000d14b        0x1 
 .rodata.__func__.3
                0x1000d14c       0x18 CMakeFiles/main.dir/C_/Program_Files/Raspberry_Pi/Pico_SDK_v1.5.1/pico-sdk/src/common/pico_sync/mutex.c.obj
 .rodata.__func__.4
                0x1000d164       0x15 CMakeFiles/main.dir/C_/Program_Files/Raspberry_Pi/Pico_SDK_v1.5.1/pico-sdk/src/common/pico_sync/mutex.c.obj
 *fill*         0x1000d179        0x3 
 .rodata.repeating_timer_callback.str1.4
                0x1000d17c       0x67 CMakeFiles/main.dir/C_/Program_Files/Raspberry_Pi/Pico_SDK_v1.5.1/pico-sdk/src/common/pico_time/time.c.obj
 *fill*         0x1000d1e3        0x1 
 .rodata.timer_pool_entry_comparator.str1.4
                0x1000d1e4       0x22 CMakeFiles/main.dir/C_/Program_Files/Raspberry_Pi/Pico_SDK_v1.5.1/pico-sdk/src/common/pico_time/time.c.obj
 *fill*         0x1000d206        0x2 
 .rodata.ph_add_child_node.str1.4
                0x1000d208       0xb2 CMakeFiles/main.dir/C_/Program_Files/Raspberry_Pi/Pico_SDK_v1.5.1/pico-sdk/src/common/pico_time/time.c.obj
 *fill*         0x1000d2ba        0x2 
 .rodata.add_alarm_under_lock.str1.4
                0x1000d2bc       0x28 CMakeFiles/main.dir/C_/Program_Files/Raspberry_Pi/Pico_SDK_v1.5.1/pico-sdk/src/common/pico_time/time.c.obj
                                 0x2b (size before relaxing)
 .rodata.alarm_pool_alarm_callback.str1.4
                0x1000d2e4       0x98 CMakeFiles/main.dir/C_/Program_Files/Raspberry_Pi/Pico_SDK_v1.5.1/pico-sdk/src/common/pico_time/time.c.obj
                                0x118 (size before relaxing)
 .rodata.alarm_pool_get_default.str1.4
                0x1000d37c       0x21 CMakeFiles/main.dir/C_/Program_Files/Raspberry_Pi/Pico_SDK_v1.5.1/pico-sdk/src/common/pico_time/time.c.obj
 *fill*         0x1000d39d        0x3 
 .rodata.alarm_pool_cancel_alarm.str1.4
                0x1000d3a0       0x27 CMakeFiles/main.dir/C_/Program_Files/Raspberry_Pi/Pico_SDK_v1.5.1/pico-sdk/src/common/pico_time/time.c.obj
 *fill*         0x1000d3c7        0x1 
 .rodata.sleep_until.str1.4
                0x1000d3c8       0x4d CMakeFiles/main.dir/C_/Program_Files/Raspberry_Pi/Pico_SDK_v1.5.1/pico-sdk/src/common/pico_time/time.c.obj